#### A masked pattern was here ####
PREHOOK: type: CREATETABLE
#### A masked pattern was here ####
PREHOOK: Output: database:default
PREHOOK: Output: default@empty_path_table
#### A masked pattern was here ####
POSTHOOK: type: CREATETABLE
#### A masked pattern was here ####
POSTHOOK: Output: database:default
POSTHOOK: Output: default@empty_path_table
PREHOOK: query: insert into table empty_path_table partition(part=1)
    values (1), (2), (3), (4)
PREHOOK: type: QUERY
PREHOOK: Input: default@values__tmp__table__1
PREHOOK: Output: default@empty_path_table@part=1
POSTHOOK: query: insert into table empty_path_table partition(part=1)
    values (1), (2), (3), (4)
POSTHOOK: type: QUERY
POSTHOOK: Input: default@values__tmp__table__1
POSTHOOK: Output: default@empty_path_table@part=1
POSTHOOK: Lineage: empty_path_table PARTITION(part=1).insert_num EXPRESSION [(values__tmp__table__1)values__tmp__table__1.FieldSchema(name:tmp_values_col1, type:string, comment:), ]
_col0
Found 1 items
#### A masked pattern was here ####
PREHOOK: query: select count(1) from empty_path_table where part in (2, 3) order by 1
PREHOOK: type: QUERY
PREHOOK: Input: default@empty_path_table
#### A masked pattern was here ####
POSTHOOK: query: select count(1) from empty_path_table where part in (2, 3) order by 1
POSTHOOK: type: QUERY
POSTHOOK: Input: default@empty_path_table
#### A masked pattern was here ####
c0
0
