PREHOOK: query: explain
select  substr(r_reason_desc,1,20)
       ,avg(ws_quantity)
       ,avg(wr_refunded_cash)
       ,avg(wr_fee)
 from web_sales, web_returns, web_page, customer_demographics cd1,
      customer_demographics cd2, customer_address, date_dim, reason 
 where ws_web_page_sk = wp_web_page_sk
   and ws_item_sk = wr_item_sk
   and ws_order_number = wr_order_number
   and ws_sold_date_sk = d_date_sk and d_year = 1998
   and cd1.cd_demo_sk = wr_refunded_cdemo_sk 
   and cd2.cd_demo_sk = wr_returning_cdemo_sk
   and ca_address_sk = wr_refunded_addr_sk
   and r_reason_sk = wr_reason_sk
   and
   (
    (
     cd1.cd_marital_status = 'M'
     and
     cd1.cd_marital_status = cd2.cd_marital_status
     and
     cd1.cd_education_status = '4 yr Degree'
     and 
     cd1.cd_education_status = cd2.cd_education_status
     and
     ws_sales_price between 100.00 and 150.00
    )
   or
    (
     cd1.cd_marital_status = 'D'
     and
     cd1.cd_marital_status = cd2.cd_marital_status
     and
     cd1.cd_education_status = 'Primary' 
     and
     cd1.cd_education_status = cd2.cd_education_status
     and
     ws_sales_price between 50.00 and 100.00
    )
   or
    (
     cd1.cd_marital_status = 'U'
     and
     cd1.cd_marital_status = cd2.cd_marital_status
     and
     cd1.cd_education_status = 'Advanced Degree'
     and
     cd1.cd_education_status = cd2.cd_education_status
     and
     ws_sales_price between 150.00 and 200.00
    )
   )
   and
   (
    (
     ca_country = 'United States'
     and
     ca_state in ('KY', 'GA', 'NM')
     and ws_net_profit between 100 and 200  
    )
    or
    (
     ca_country = 'United States'
     and
     ca_state in ('MT', 'OR', 'IN')
     and ws_net_profit between 150 and 300  
    )
    or
    (
     ca_country = 'United States'
     and
     ca_state in ('WI', 'MO', 'WV')
     and ws_net_profit between 50 and 250  
    )
   )
group by r_reason_desc
order by substr(r_reason_desc,1,20)
        ,avg(ws_quantity)
        ,avg(wr_refunded_cash)
        ,avg(wr_fee)
limit 100
PREHOOK: type: QUERY
POSTHOOK: query: explain
select  substr(r_reason_desc,1,20)
       ,avg(ws_quantity)
       ,avg(wr_refunded_cash)
       ,avg(wr_fee)
 from web_sales, web_returns, web_page, customer_demographics cd1,
      customer_demographics cd2, customer_address, date_dim, reason 
 where ws_web_page_sk = wp_web_page_sk
   and ws_item_sk = wr_item_sk
   and ws_order_number = wr_order_number
   and ws_sold_date_sk = d_date_sk and d_year = 1998
   and cd1.cd_demo_sk = wr_refunded_cdemo_sk 
   and cd2.cd_demo_sk = wr_returning_cdemo_sk
   and ca_address_sk = wr_refunded_addr_sk
   and r_reason_sk = wr_reason_sk
   and
   (
    (
     cd1.cd_marital_status = 'M'
     and
     cd1.cd_marital_status = cd2.cd_marital_status
     and
     cd1.cd_education_status = '4 yr Degree'
     and 
     cd1.cd_education_status = cd2.cd_education_status
     and
     ws_sales_price between 100.00 and 150.00
    )
   or
    (
     cd1.cd_marital_status = 'D'
     and
     cd1.cd_marital_status = cd2.cd_marital_status
     and
     cd1.cd_education_status = 'Primary' 
     and
     cd1.cd_education_status = cd2.cd_education_status
     and
     ws_sales_price between 50.00 and 100.00
    )
   or
    (
     cd1.cd_marital_status = 'U'
     and
     cd1.cd_marital_status = cd2.cd_marital_status
     and
     cd1.cd_education_status = 'Advanced Degree'
     and
     cd1.cd_education_status = cd2.cd_education_status
     and
     ws_sales_price between 150.00 and 200.00
    )
   )
   and
   (
    (
     ca_country = 'United States'
     and
     ca_state in ('KY', 'GA', 'NM')
     and ws_net_profit between 100 and 200  
    )
    or
    (
     ca_country = 'United States'
     and
     ca_state in ('MT', 'OR', 'IN')
     and ws_net_profit between 150 and 300  
    )
    or
    (
     ca_country = 'United States'
     and
     ca_state in ('WI', 'MO', 'WV')
     and ws_net_profit between 50 and 250  
    )
   )
group by r_reason_desc
order by substr(r_reason_desc,1,20)
        ,avg(ws_quantity)
        ,avg(wr_refunded_cash)
        ,avg(wr_fee)
limit 100
POSTHOOK: type: QUERY
Plan optimized by CBO.

Vertex dependency in root stage
Reducer 10 <- Reducer 9 (SIMPLE_EDGE)
Reducer 2 <- Map 1 (SIMPLE_EDGE), Map 11 (SIMPLE_EDGE)
Reducer 3 <- Map 12 (SIMPLE_EDGE), Reducer 2 (SIMPLE_EDGE)
Reducer 4 <- Map 13 (SIMPLE_EDGE), Reducer 3 (SIMPLE_EDGE)
Reducer 5 <- Map 14 (SIMPLE_EDGE), Reducer 4 (SIMPLE_EDGE)
Reducer 6 <- Map 15 (SIMPLE_EDGE), Reducer 5 (SIMPLE_EDGE)
Reducer 7 <- Map 15 (SIMPLE_EDGE), Reducer 6 (SIMPLE_EDGE)
Reducer 8 <- Map 16 (SIMPLE_EDGE), Reducer 7 (SIMPLE_EDGE)
Reducer 9 <- Reducer 8 (SIMPLE_EDGE)

Stage-0
  Fetch Operator
    limit:-1
    Stage-1
      Reducer 10 vectorized
      File Output Operator [FS_134]
        Limit [LIM_133] (rows=100 width=1014)
          Number of rows:100
          Select Operator [SEL_132] (rows=3666666 width=1014)
            Output:["_col0","_col1","_col2","_col3"]
          <-Reducer 9 [SIMPLE_EDGE] vectorized
            SHUFFLE [RS_131]
              Select Operator [SEL_130] (rows=3666666 width=1014)
                Output:["_col4","_col5","_col6","_col7"]
                Group By Operator [GBY_129] (rows=3666666 width=1014)
                  Output:["_col0","_col1","_col2","_col3","_col4","_col5","_col6"],aggregations:["sum(VALUE._col0)","count(VALUE._col1)","sum(VALUE._col2)","count(VALUE._col3)","sum(VALUE._col4)","count(VALUE._col5)"],keys:KEY._col0
                <-Reducer 8 [SIMPLE_EDGE]
                  SHUFFLE [RS_49]
                    PartitionCols:_col0
                    Group By Operator [GBY_48] (rows=7333332 width=1014)
                      Output:["_col0","_col1","_col2","_col3","_col4","_col5","_col6"],aggregations:["sum(_col12)","count(_col12)","sum(_col7)","count(_col7)","sum(_col6)","count(_col6)"],keys:_col19
                      Select Operator [SEL_47] (rows=7333332 width=1014)
                        Output:["_col6","_col7","_col12","_col19"]
                        Filter Operator [FIL_46] (rows=7333332 width=1014)
                          predicate:((((_col27 = 'KY') or (_col27 = 'GA') or (_col27 = 'NM')) and _col14 BETWEEN 100 AND 200) or (((_col27 = 'MT') or (_col27 = 'OR') or (_col27 = 'IN')) and _col14 BETWEEN 150 AND 300) or (((_col27 = 'WI') or (_col27 = 'MO') or (_col27 = 'WV')) and _col14 BETWEEN 50 AND 250))
                          Merge Join Operator [MERGEJOIN_106] (rows=22000000 width=1014)
                            Conds:RS_43._col2=RS_128._col0(Inner),Output:["_col6","_col7","_col12","_col14","_col19","_col27"]
                          <-Map 16 [SIMPLE_EDGE] vectorized
                            SHUFFLE [RS_128]
                              PartitionCols:_col0
                              Select Operator [SEL_127] (rows=20000000 width=1014)
                                Output:["_col0","_col1"]
                                Filter Operator [FIL_126] (rows=20000000 width=1014)
                                  predicate:((ca_country = 'United States') and ca_address_sk is not null)
                                  TableScan [TS_21] (rows=40000000 width=1014)
                                    default@customer_address,customer_address,Tbl:COMPLETE,Col:NONE,Output:["ca_address_sk","ca_state","ca_country"]
                          <-Reducer 7 [SIMPLE_EDGE]
                            SHUFFLE [RS_43]
                              PartitionCols:_col2
                              Merge Join Operator [MERGEJOIN_105] (rows=7086373 width=135)
                                Conds:RS_40._col3, _col21, _col22=RS_124._col0, _col1, _col2(Inner),Output:["_col2","_col6","_col7","_col12","_col14","_col19"]
                              <-Map 15 [SIMPLE_EDGE] vectorized
                                SHUFFLE [RS_124]
                                  PartitionCols:_col0, _col1, _col2
                                  Select Operator [SEL_123] (rows=1861800 width=385)
                                    Output:["_col0","_col1","_col2"]
                                    Filter Operator [FIL_122] (rows=1861800 width=385)
                                      predicate:((cd_education_status) IN ('4 yr Degree', 'Primary', 'Advanced Degree') and (cd_marital_status) IN ('M', 'D', 'U') and cd_demo_sk is not null)
                                      TableScan [TS_18] (rows=1861800 width=385)
                                        default@customer_demographics,cd2,Tbl:COMPLETE,Col:NONE,Output:["cd_demo_sk","cd_marital_status","cd_education_status"]
                              <-Reducer 6 [SIMPLE_EDGE]
                                SHUFFLE [RS_40]
                                  PartitionCols:_col3, _col21, _col22
                                  Filter Operator [FIL_39] (rows=6442158 width=135)
                                    predicate:(((_col21 = 'D') and (_col22 = 'Primary') and _col13 BETWEEN 50 AND 100) or ((_col21 = 'M') and (_col22 = '4 yr Degree') and _col13 BETWEEN 100 AND 150) or ((_col21 = 'U') and (_col22 = 'Advanced Degree') and _col13 BETWEEN 150 AND 200))
                                    Merge Join Operator [MERGEJOIN_104] (rows=77305913 width=135)
                                      Conds:RS_36._col1=RS_125._col0(Inner),Output:["_col2","_col3","_col6","_col7","_col12","_col13","_col14","_col19","_col21","_col22"]
                                    <-Map 15 [SIMPLE_EDGE] vectorized
                                      SHUFFLE [RS_125]
                                        PartitionCols:_col0
                                         Please refer to the previous Select Operator [SEL_123]
                                    <-Reducer 5 [SIMPLE_EDGE]
                                      SHUFFLE [RS_36]
                                        PartitionCols:_col1
                                        Merge Join Operator [MERGEJOIN_103] (rows=70278102 width=135)
                                          Conds:RS_33._col4=RS_121._col0(Inner),Output:["_col1","_col2","_col3","_col6","_col7","_col12","_col13","_col14","_col19"]
                                        <-Map 14 [SIMPLE_EDGE] vectorized
                                          SHUFFLE [RS_121]
                                            PartitionCols:_col0
                                            Select Operator [SEL_120] (rows=72 width=200)
                                              Output:["_col0","_col1"]
                                              Filter Operator [FIL_119] (rows=72 width=200)
                                                predicate:r_reason_sk is not null
                                                TableScan [TS_12] (rows=72 width=200)
                                                  default@reason,reason,Tbl:COMPLETE,Col:NONE,Output:["r_reason_sk","r_reason_desc"]
                                        <-Reducer 4 [SIMPLE_EDGE]
                                          SHUFFLE [RS_33]
                                            PartitionCols:_col4
                                            Merge Join Operator [MERGEJOIN_102] (rows=63889183 width=135)
                                              Conds:RS_30._col10=RS_118._col0(Inner),Output:["_col1","_col2","_col3","_col4","_col6","_col7","_col12","_col13","_col14"]
                                            <-Map 13 [SIMPLE_EDGE] vectorized
                                              SHUFFLE [RS_118]
                                                PartitionCols:_col0
                                                Select Operator [SEL_117] (rows=4602 width=585)
                                                  Output:["_col0"]
                                                  Filter Operator [FIL_116] (rows=4602 width=585)
                                                    predicate:wp_web_page_sk is not null
                                                    TableScan [TS_9] (rows=4602 width=585)
                                                      default@web_page,web_page,Tbl:COMPLETE,Col:NONE,Output:["wp_web_page_sk"]
                                            <-Reducer 3 [SIMPLE_EDGE]
                                              SHUFFLE [RS_30]
                                                PartitionCols:_col10
                                                Merge Join Operator [MERGEJOIN_101] (rows=58081075 width=135)
                                                  Conds:RS_27._col8=RS_115._col0(Inner),Output:["_col1","_col2","_col3","_col4","_col6","_col7","_col10","_col12","_col13","_col14"]
                                                <-Map 12 [SIMPLE_EDGE] vectorized
                                                  SHUFFLE [RS_115]
                                                    PartitionCols:_col0
                                                    Select Operator [SEL_114] (rows=36524 width=1119)
                                                      Output:["_col0"]
                                                      Filter Operator [FIL_113] (rows=36524 width=1119)
                                                        predicate:((d_year = 1998) and d_date_sk is not null)
                                                        TableScan [TS_6] (rows=73049 width=1119)
                                                          default@date_dim,date_dim,Tbl:COMPLETE,Col:NONE,Output:["d_date_sk","d_year"]
                                                <-Reducer 2 [SIMPLE_EDGE]
                                                  SHUFFLE [RS_27]
                                                    PartitionCols:_col8
                                                    Merge Join Operator [MERGEJOIN_100] (rows=52800977 width=135)
                                                      Conds:RS_109._col0, _col5=RS_112._col1, _col3(Inner),Output:["_col1","_col2","_col3","_col4","_col6","_col7","_col8","_col10","_col12","_col13","_col14"]
                                                    <-Map 1 [SIMPLE_EDGE] vectorized
                                                      SHUFFLE [RS_109]
                                                        PartitionCols:_col0, _col5
                                                        Select Operator [SEL_108] (rows=14398467 width=92)
                                                          Output:["_col0","_col1","_col2","_col3","_col4","_col5","_col6","_col7"]
                                                          Filter Operator [FIL_107] (rows=14398467 width=92)
                                                            predicate:(wr_item_sk is not null and wr_order_number is not null and wr_reason_sk is not null and wr_refunded_addr_sk is not null and wr_refunded_cdemo_sk is not null and wr_returning_cdemo_sk is not null)
                                                            TableScan [TS_0] (rows=14398467 width=92)
                                                              default@web_returns,web_returns,Tbl:COMPLETE,Col:NONE,Output:["wr_item_sk","wr_refunded_cdemo_sk","wr_refunded_addr_sk","wr_returning_cdemo_sk","wr_reason_sk","wr_order_number","wr_fee","wr_refunded_cash"]
                                                    <-Map 11 [SIMPLE_EDGE] vectorized
                                                      SHUFFLE [RS_112]
                                                        PartitionCols:_col1, _col3
                                                        Select Operator [SEL_111] (rows=48000888 width=135)
                                                          Output:["_col0","_col1","_col2","_col3","_col4","_col5","_col6"]
                                                          Filter Operator [FIL_110] (rows=48000888 width=135)
                                                            predicate:((ws_sales_price BETWEEN 100 AND 150 or ws_sales_price BETWEEN 50 AND 100 or ws_sales_price BETWEEN 150 AND 200) and ws_item_sk is not null and ws_order_number is not null and ws_sold_date_sk is not null and ws_web_page_sk is not null)
                                                            TableScan [TS_3] (rows=144002668 width=135)
                                                              default@web_sales,web_sales,Tbl:COMPLETE,Col:NONE,Output:["ws_sold_date_sk","ws_item_sk","ws_web_page_sk","ws_order_number","ws_quantity","ws_sales_price","ws_net_profit"]

