Warning: Map Join MAPJOIN[92][bigTable=?] in task 'Reducer 2' is a cross product
PREHOOK: query: explain
select  cast(amc as decimal(15,4))/cast(pmc as decimal(15,4)) am_pm_ratio
 from ( select count(*) amc
       from web_sales, household_demographics , time_dim, web_page
       where ws_sold_time_sk = time_dim.t_time_sk
         and ws_ship_hdemo_sk = household_demographics.hd_demo_sk
         and ws_web_page_sk = web_page.wp_web_page_sk
         and time_dim.t_hour between 6 and 6+1
         and household_demographics.hd_dep_count = 8
         and web_page.wp_char_count between 5000 and 5200) at,
      ( select count(*) pmc
       from web_sales, household_demographics , time_dim, web_page
       where ws_sold_time_sk = time_dim.t_time_sk
         and ws_ship_hdemo_sk = household_demographics.hd_demo_sk
         and ws_web_page_sk = web_page.wp_web_page_sk
         and time_dim.t_hour between 14 and 14+1
         and household_demographics.hd_dep_count = 8
         and web_page.wp_char_count between 5000 and 5200) pt
 order by am_pm_ratio
 limit 100
PREHOOK: type: QUERY
PREHOOK: Input: default@household_demographics
PREHOOK: Input: default@time_dim
PREHOOK: Input: default@web_page
PREHOOK: Input: default@web_sales
PREHOOK: Output: hdfs://### HDFS PATH ###
POSTHOOK: query: explain
select  cast(amc as decimal(15,4))/cast(pmc as decimal(15,4)) am_pm_ratio
 from ( select count(*) amc
       from web_sales, household_demographics , time_dim, web_page
       where ws_sold_time_sk = time_dim.t_time_sk
         and ws_ship_hdemo_sk = household_demographics.hd_demo_sk
         and ws_web_page_sk = web_page.wp_web_page_sk
         and time_dim.t_hour between 6 and 6+1
         and household_demographics.hd_dep_count = 8
         and web_page.wp_char_count between 5000 and 5200) at,
      ( select count(*) pmc
       from web_sales, household_demographics , time_dim, web_page
       where ws_sold_time_sk = time_dim.t_time_sk
         and ws_ship_hdemo_sk = household_demographics.hd_demo_sk
         and ws_web_page_sk = web_page.wp_web_page_sk
         and time_dim.t_hour between 14 and 14+1
         and household_demographics.hd_dep_count = 8
         and web_page.wp_char_count between 5000 and 5200) pt
 order by am_pm_ratio
 limit 100
POSTHOOK: type: QUERY
POSTHOOK: Input: default@household_demographics
POSTHOOK: Input: default@time_dim
POSTHOOK: Input: default@web_page
POSTHOOK: Input: default@web_sales
POSTHOOK: Output: hdfs://### HDFS PATH ###
Plan optimized by CBO.

Vertex dependency in root stage
Map 1 <- Map 4 (BROADCAST_EDGE), Map 5 (BROADCAST_EDGE), Map 6 (BROADCAST_EDGE)
Map 7 <- Map 4 (BROADCAST_EDGE), Map 5 (BROADCAST_EDGE), Map 6 (BROADCAST_EDGE)
Reducer 2 <- Map 1 (CUSTOM_SIMPLE_EDGE), Reducer 8 (BROADCAST_EDGE)
Reducer 3 <- Reducer 2 (SIMPLE_EDGE)
Reducer 8 <- Map 7 (CUSTOM_SIMPLE_EDGE)

Stage-0
  Fetch Operator
    limit:100
    Stage-1
      Reducer 3 vectorized
      File Output Operator [FS_136]
        Limit [LIM_135] (rows=1 width=17)
          Number of rows:100
          Select Operator [SEL_134] (rows=1 width=17)
            Output:["_col0"]
          <-Reducer 2 [SIMPLE_EDGE] vectorized
            SHUFFLE [RS_133]
              Select Operator [SEL_132] (rows=1 width=17)
                Output:["_col0"]
                Map Join Operator [MAPJOIN_131] (rows=1 width=17)
                  Conds:(Inner),Output:["_col0","_col1"]
                <-Reducer 8 [BROADCAST_EDGE] vectorized
                  BROADCAST [RS_129]
                    Group By Operator [GBY_128] (rows=1 width=8)
                      Output:["_col0"],aggregations:["count(VALUE._col0)"]
                    <-Map 7 [CUSTOM_SIMPLE_EDGE] vectorized
                      PARTITION_ONLY_SHUFFLE [RS_127]
                        Group By Operator [GBY_126] (rows=1 width=8)
                          Output:["_col0"],aggregations:["count()"]
                          Map Join Operator [MAPJOIN_125] (rows=191667562 width=135)
                            Conds:MAPJOIN_124._col1=RS_113._col0(Inner),HybridGraceHashJoin:true
                          <-Map 6 [BROADCAST_EDGE] vectorized
                            BROADCAST [RS_113]
                              PartitionCols:_col0
                              Select Operator [SEL_111] (rows=3600 width=107)
                                Output:["_col0"]
                                Filter Operator [FIL_110] (rows=3600 width=107)
                                  predicate:((hd_dep_count = 8) and hd_demo_sk is not null)
                                  TableScan [TS_9] (rows=7200 width=107)
                                    default@household_demographics,household_demographics,Tbl:COMPLETE,Col:NONE,Output:["hd_demo_sk","hd_dep_count"]
                          <-Map Join Operator [MAPJOIN_124] (rows=174243235 width=135)
                              Conds:MAPJOIN_123._col0=RS_109._col0(Inner),HybridGraceHashJoin:true,Output:["_col1"]
                            <-Map 5 [BROADCAST_EDGE] vectorized
                              BROADCAST [RS_109]
                                PartitionCols:_col0
                                Select Operator [SEL_107] (rows=9600 width=471)
                                  Output:["_col0"]
                                  Filter Operator [FIL_105] (rows=9600 width=471)
                                    predicate:(t_hour BETWEEN 14 AND 15 and t_time_sk is not null)
                                    TableScan [TS_6] (rows=86400 width=471)
                                      default@time_dim,time_dim,Tbl:COMPLETE,Col:NONE,Output:["t_time_sk","t_hour"]
                            <-Map Join Operator [MAPJOIN_123] (rows=158402938 width=135)
                                Conds:SEL_122._col2=RS_103._col0(Inner),HybridGraceHashJoin:true,Output:["_col0","_col1"]
                              <-Map 4 [BROADCAST_EDGE] vectorized
                                BROADCAST [RS_103]
                                  PartitionCols:_col0
                                  Select Operator [SEL_101] (rows=511 width=585)
                                    Output:["_col0"]
                                    Filter Operator [FIL_100] (rows=511 width=585)
                                      predicate:(wp_char_count BETWEEN 5000 AND 5200 and wp_web_page_sk is not null)
                                      TableScan [TS_3] (rows=4602 width=585)
                                        default@web_page,web_page,Tbl:COMPLETE,Col:NONE,Output:["wp_web_page_sk","wp_char_count"]
                              <-Select Operator [SEL_122] (rows=144002668 width=135)
                                  Output:["_col0","_col1","_col2"]
                                  Filter Operator [FIL_121] (rows=144002668 width=135)
                                    predicate:(ws_ship_hdemo_sk is not null and ws_sold_time_sk is not null and ws_web_page_sk is not null)
                                    TableScan [TS_26] (rows=144002668 width=135)
                                      default@web_sales,web_sales,Tbl:COMPLETE,Col:NONE,Output:["ws_sold_time_sk","ws_ship_hdemo_sk","ws_web_page_sk"]
                <-Group By Operator [GBY_130] (rows=1 width=8)
                    Output:["_col0"],aggregations:["count(VALUE._col0)"]
                  <-Map 1 [CUSTOM_SIMPLE_EDGE] vectorized
                    PARTITION_ONLY_SHUFFLE [RS_120]
                      Group By Operator [GBY_119] (rows=1 width=8)
                        Output:["_col0"],aggregations:["count()"]
                        Map Join Operator [MAPJOIN_118] (rows=191667562 width=135)
                          Conds:MAPJOIN_117._col1=RS_112._col0(Inner),HybridGraceHashJoin:true
                        <-Map 6 [BROADCAST_EDGE] vectorized
                          BROADCAST [RS_112]
                            PartitionCols:_col0
                             Please refer to the previous Select Operator [SEL_111]
                        <-Map Join Operator [MAPJOIN_117] (rows=174243235 width=135)
                            Conds:MAPJOIN_116._col0=RS_108._col0(Inner),HybridGraceHashJoin:true,Output:["_col1"]
                          <-Map 5 [BROADCAST_EDGE] vectorized
                            BROADCAST [RS_108]
                              PartitionCols:_col0
                              Select Operator [SEL_106] (rows=9600 width=471)
                                Output:["_col0"]
                                Filter Operator [FIL_104] (rows=9600 width=471)
                                  predicate:(t_hour BETWEEN 6 AND 7 and t_time_sk is not null)
                                   Please refer to the previous TableScan [TS_6]
                          <-Map Join Operator [MAPJOIN_116] (rows=158402938 width=135)
                              Conds:SEL_115._col2=RS_102._col0(Inner),HybridGraceHashJoin:true,Output:["_col0","_col1"]
                            <-Map 4 [BROADCAST_EDGE] vectorized
                              BROADCAST [RS_102]
                                PartitionCols:_col0
                                 Please refer to the previous Select Operator [SEL_101]
                            <-Select Operator [SEL_115] (rows=144002668 width=135)
                                Output:["_col0","_col1","_col2"]
                                Filter Operator [FIL_114] (rows=144002668 width=135)
                                  predicate:(ws_ship_hdemo_sk is not null and ws_sold_time_sk is not null and ws_web_page_sk is not null)
                                  TableScan [TS_0] (rows=144002668 width=135)
                                    default@web_sales,web_sales,Tbl:COMPLETE,Col:NONE,Output:["ws_sold_time_sk","ws_ship_hdemo_sk","ws_web_page_sk"]

