PREHOOK: query: explain
select  
   sum(ws_ext_discount_amt)  as `Excess Discount Amount` 
from 
    web_sales 
   ,item 
   ,date_dim
where
i_manufact_id = 269
and i_item_sk = ws_item_sk 
and d_date between '1998-03-18' and 
        (cast('1998-03-18' as date) + 90 days)
and d_date_sk = ws_sold_date_sk 
and ws_ext_discount_amt  
     > ( 
         SELECT 
            1.3 * avg(ws_ext_discount_amt) 
         FROM 
            web_sales 
           ,date_dim
         WHERE 
              ws_item_sk = i_item_sk 
          and d_date between '1998-03-18' and
                             (cast('1998-03-18' as date) + 90 days)
          and d_date_sk = ws_sold_date_sk 
      ) 
order by sum(ws_ext_discount_amt)
limit 100
PREHOOK: type: QUERY
PREHOOK: Input: default@date_dim
PREHOOK: Input: default@item
PREHOOK: Input: default@web_sales
PREHOOK: Output: hdfs://### HDFS PATH ###
POSTHOOK: query: explain
select  
   sum(ws_ext_discount_amt)  as `Excess Discount Amount` 
from 
    web_sales 
   ,item 
   ,date_dim
where
i_manufact_id = 269
and i_item_sk = ws_item_sk 
and d_date between '1998-03-18' and 
        (cast('1998-03-18' as date) + 90 days)
and d_date_sk = ws_sold_date_sk 
and ws_ext_discount_amt  
     > ( 
         SELECT 
            1.3 * avg(ws_ext_discount_amt) 
         FROM 
            web_sales 
           ,date_dim
         WHERE 
              ws_item_sk = i_item_sk 
          and d_date between '1998-03-18' and
                             (cast('1998-03-18' as date) + 90 days)
          and d_date_sk = ws_sold_date_sk 
      ) 
order by sum(ws_ext_discount_amt)
limit 100
POSTHOOK: type: QUERY
POSTHOOK: Input: default@date_dim
POSTHOOK: Input: default@item
POSTHOOK: Input: default@web_sales
POSTHOOK: Output: hdfs://### HDFS PATH ###
Plan optimized by CBO.

Vertex dependency in root stage
Map 1 <- Map 6 (BROADCAST_EDGE)
Reducer 2 <- Map 1 (SIMPLE_EDGE), Reducer 5 (SIMPLE_EDGE)
Reducer 3 <- Reducer 2 (CUSTOM_SIMPLE_EDGE)
Reducer 4 <- Reducer 3 (SIMPLE_EDGE)
Reducer 5 <- Map 1 (SIMPLE_EDGE), Map 7 (CUSTOM_SIMPLE_EDGE)

Stage-0
  Fetch Operator
    limit:-1
    Stage-1
      Reducer 4 vectorized
      File Output Operator [FS_88]
        Limit [LIM_87] (rows=1 width=112)
          Number of rows:100
          Select Operator [SEL_86] (rows=1 width=112)
            Output:["_col0"]
          <-Reducer 3 [SIMPLE_EDGE] vectorized
            SHUFFLE [RS_85]
              Select Operator [SEL_84] (rows=1 width=112)
                Output:["_col1"]
                Group By Operator [GBY_83] (rows=1 width=112)
                  Output:["_col0"],aggregations:["sum(VALUE._col0)"]
                <-Reducer 2 [CUSTOM_SIMPLE_EDGE]
                  PARTITION_ONLY_SHUFFLE [RS_36]
                    Group By Operator [GBY_35] (rows=1 width=112)
                      Output:["_col0"],aggregations:["sum(_col2)"]
                      Select Operator [SEL_34] (rows=58081078 width=135)
                        Output:["_col2"]
                        Filter Operator [FIL_33] (rows=58081078 width=135)
                          predicate:(_col2 > CAST( (1.3 * _col6) AS decimal(14,7)))
                          Merge Join Operator [MERGEJOIN_64] (rows=174243235 width=135)
                            Conds:RS_73._col1=RS_82._col2(Inner),Output:["_col2","_col6"]
                          <-Map 1 [SIMPLE_EDGE] vectorized
                            SHUFFLE [RS_73]
                              PartitionCols:_col1
                              Map Join Operator [MAPJOIN_72] (rows=158402938 width=135)
                                Conds:SEL_71._col0=RS_69._col0(Inner),HybridGraceHashJoin:true,Output:["_col1","_col2"]
                              <-Map 6 [BROADCAST_EDGE] vectorized
                                BROADCAST [RS_69]
                                  PartitionCols:_col0
                                  Select Operator [SEL_68] (rows=8116 width=1119)
                                    Output:["_col0"]
                                    Filter Operator [FIL_67] (rows=8116 width=1119)
                                      predicate:(CAST( d_date AS TIMESTAMP) BETWEEN TIMESTAMP'1998-03-18 00:00:00' AND TIMESTAMP'1998-06-16 00:00:00' and d_date_sk is not null)
                                      TableScan [TS_3] (rows=73049 width=1119)
                                        default@date_dim,date_dim,Tbl:COMPLETE,Col:NONE,Output:["d_date_sk","d_date"]
                              <-Select Operator [SEL_71] (rows=144002668 width=135)
                                  Output:["_col0","_col1","_col2"]
                                  Filter Operator [FIL_70] (rows=144002668 width=135)
                                    predicate:(ws_item_sk is not null and ws_sold_date_sk is not null)
                                    TableScan [TS_0] (rows=144002668 width=135)
                                      default@web_sales,web_sales,Tbl:COMPLETE,Col:NONE,Output:["ws_sold_date_sk","ws_item_sk","ws_ext_discount_amt"]
                          <-Reducer 5 [SIMPLE_EDGE] vectorized
                            SHUFFLE [RS_82]
                              PartitionCols:_col2
                              Map Join Operator [MAPJOIN_81] (rows=87121617 width=135)
                                BucketMapJoin:true,Conds:SEL_80._col0=RS_78._col0(Inner),HybridGraceHashJoin:true,Output:["_col1","_col2"]
                              <-Map 7 [CUSTOM_SIMPLE_EDGE] vectorized
                                PARTITION_ONLY_SHUFFLE [RS_78]
                                  PartitionCols:_col0
                                  Select Operator [SEL_77] (rows=231000 width=1436)
                                    Output:["_col0"]
                                    Filter Operator [FIL_76] (rows=231000 width=1436)
                                      predicate:((i_manufact_id = 269) and i_item_sk is not null)
                                      TableScan [TS_20] (rows=462000 width=1436)
                                        default@item,item,Tbl:COMPLETE,Col:NONE,Output:["i_item_sk","i_manufact_id"]
                              <-Select Operator [SEL_80] (rows=79201469 width=135)
                                  Output:["_col0","_col1"]
                                  Group By Operator [GBY_79] (rows=79201469 width=135)
                                    Output:["_col0","_col1","_col2"],aggregations:["sum(VALUE._col0)","count(VALUE._col1)"],keys:KEY._col0
                                  <-Map 1 [SIMPLE_EDGE] vectorized
                                    SHUFFLE [RS_75]
                                      PartitionCols:_col0
                                      Group By Operator [GBY_74] (rows=158402938 width=135)
                                        Output:["_col0","_col1","_col2"],aggregations:["sum(_col2)","count(_col2)"],keys:_col1
                                         Please refer to the previous Map Join Operator [MAPJOIN_72]

