Warning: Map Join MAPJOIN[111][bigTable=?] in task 'Reducer 17' is a cross product
PREHOOK: query: explain
select  a.ca_state state, count(*) cnt
 from customer_address a
     ,customer c
     ,store_sales s
     ,date_dim d
     ,item i
 where       a.ca_address_sk = c.c_current_addr_sk
 	and c.c_customer_sk = s.ss_customer_sk
 	and s.ss_sold_date_sk = d.d_date_sk
 	and s.ss_item_sk = i.i_item_sk
 	and d.d_month_seq = 
 	     (select distinct (d_month_seq)
 	      from date_dim
               where d_year = 2000
 	        and d_moy = 2 )
 	and i.i_current_price > 1.2 * 
             (select avg(j.i_current_price) 
 	     from item j 
 	     where j.i_category = i.i_category)
 group by a.ca_state
 having count(*) >= 10
 order by cnt 
 limit 100
PREHOOK: type: QUERY
POSTHOOK: query: explain
select  a.ca_state state, count(*) cnt
 from customer_address a
     ,customer c
     ,store_sales s
     ,date_dim d
     ,item i
 where       a.ca_address_sk = c.c_current_addr_sk
 	and c.c_customer_sk = s.ss_customer_sk
 	and s.ss_sold_date_sk = d.d_date_sk
 	and s.ss_item_sk = i.i_item_sk
 	and d.d_month_seq = 
 	     (select distinct (d_month_seq)
 	      from date_dim
               where d_year = 2000
 	        and d_moy = 2 )
 	and i.i_current_price > 1.2 * 
             (select avg(j.i_current_price) 
 	     from item j 
 	     where j.i_category = i.i_category)
 group by a.ca_state
 having count(*) >= 10
 order by cnt 
 limit 100
POSTHOOK: type: QUERY
Plan optimized by CBO.

Vertex dependency in root stage
Reducer 10 <- Map 8 (SIMPLE_EDGE)
Reducer 11 <- Reducer 10 (CUSTOM_SIMPLE_EDGE)
Reducer 14 <- Map 13 (SIMPLE_EDGE), Map 15 (SIMPLE_EDGE)
Reducer 17 <- Map 16 (SIMPLE_EDGE), Reducer 11 (BROADCAST_EDGE)
Reducer 18 <- Map 19 (SIMPLE_EDGE), Reducer 17 (SIMPLE_EDGE)
Reducer 2 <- Map 1 (SIMPLE_EDGE), Reducer 9 (SIMPLE_EDGE)
Reducer 3 <- Map 12 (SIMPLE_EDGE), Reducer 2 (SIMPLE_EDGE)
Reducer 4 <- Reducer 14 (SIMPLE_EDGE), Reducer 3 (SIMPLE_EDGE)
Reducer 5 <- Reducer 18 (SIMPLE_EDGE), Reducer 4 (SIMPLE_EDGE)
Reducer 6 <- Reducer 5 (SIMPLE_EDGE)
Reducer 7 <- Reducer 6 (SIMPLE_EDGE)
Reducer 9 <- Map 8 (SIMPLE_EDGE)

Stage-0
  Fetch Operator
    limit:100
    Stage-1
      Reducer 7 vectorized
      File Output Operator [FS_161]
        Limit [LIM_160] (rows=100 width=88)
          Number of rows:100
          Select Operator [SEL_159] (rows=127775039 width=88)
            Output:["_col0","_col1"]
          <-Reducer 6 [SIMPLE_EDGE] vectorized
            SHUFFLE [RS_158]
              Filter Operator [FIL_157] (rows=127775039 width=88)
                predicate:(_col1 >= 10L)
                Group By Operator [GBY_156] (rows=383325119 width=88)
                  Output:["_col0","_col1"],aggregations:["count(VALUE._col0)"],keys:KEY._col0
                <-Reducer 5 [SIMPLE_EDGE]
                  SHUFFLE [RS_69]
                    PartitionCols:_col0
                    Group By Operator [GBY_68] (rows=766650239 width=88)
                      Output:["_col0","_col1"],aggregations:["count()"],keys:_col9
                      Merge Join Operator [MERGEJOIN_114] (rows=766650239 width=88)
                        Conds:RS_64._col4=RS_65._col0(Inner),Output:["_col9"]
                      <-Reducer 18 [SIMPLE_EDGE]
                        SHUFFLE [RS_65]
                          PartitionCols:_col0
                          Select Operator [SEL_54] (rows=169400 width=1436)
                            Output:["_col0"]
                            Filter Operator [FIL_53] (rows=169400 width=1436)
                              predicate:(_col4 > (1.2 * CAST( _col0 AS decimal(16,6))))
                              Merge Join Operator [MERGEJOIN_112] (rows=508200 width=1436)
                                Conds:RS_152._col1=RS_155._col2(Inner),Output:["_col0","_col3","_col4"]
                              <-Map 19 [SIMPLE_EDGE] vectorized
                                SHUFFLE [RS_155]
                                  PartitionCols:_col2
                                  Select Operator [SEL_154] (rows=462000 width=1436)
                                    Output:["_col0","_col1","_col2"]
                                    Filter Operator [FIL_153] (rows=462000 width=1436)
                                      predicate:(i_category is not null and i_item_sk is not null)
                                      TableScan [TS_44] (rows=462000 width=1436)
                                        default@item,i,Tbl:COMPLETE,Col:NONE,Output:["i_item_sk","i_current_price","i_category"]
                              <-Reducer 17 [SIMPLE_EDGE] vectorized
                                SHUFFLE [RS_152]
                                  PartitionCols:_col1
                                  Map Join Operator [MAPJOIN_151] (rows=231000 width=1445)
                                    Conds:(Inner),Output:["_col0","_col1"]
                                  <-Reducer 11 [BROADCAST_EDGE] vectorized
                                    BROADCAST [RS_148]
                                      Select Operator [SEL_147] (rows=1 width=8)
                                        Filter Operator [FIL_146] (rows=1 width=8)
                                          predicate:(sq_count_check(_col0) <= 1)
                                          Group By Operator [GBY_145] (rows=1 width=8)
                                            Output:["_col0"],aggregations:["count(VALUE._col0)"]
                                          <-Reducer 10 [CUSTOM_SIMPLE_EDGE] vectorized
                                            PARTITION_ONLY_SHUFFLE [RS_144]
                                              Group By Operator [GBY_143] (rows=1 width=8)
                                                Output:["_col0"],aggregations:["count()"]
                                                Select Operator [SEL_142] (rows=9131 width=1119)
                                                  Group By Operator [GBY_141] (rows=9131 width=1119)
                                                    Output:["_col0"],keys:KEY._col0
                                                  <-Map 8 [SIMPLE_EDGE] vectorized
                                                    SHUFFLE [RS_126]
                                                      PartitionCols:_col0
                                                      Group By Operator [GBY_124] (rows=18262 width=1119)
                                                        Output:["_col0"],keys:d_month_seq
                                                        Select Operator [SEL_122] (rows=18262 width=1119)
                                                          Output:["d_month_seq"]
                                                          Filter Operator [FIL_120] (rows=18262 width=1119)
                                                            predicate:((d_moy = 2) and (d_year = 2000))
                                                            TableScan [TS_3] (rows=73049 width=1119)
                                                              default@date_dim,date_dim,Tbl:COMPLETE,Col:NONE,Output:["d_month_seq","d_year","d_moy"]
                                  <-Select Operator [SEL_150] (rows=231000 width=1436)
                                      Output:["_col0","_col1"]
                                      Group By Operator [GBY_149] (rows=231000 width=1436)
                                        Output:["_col0","_col1","_col2"],aggregations:["sum(VALUE._col0)","count(VALUE._col1)"],keys:KEY._col0
                                      <-Map 16 [SIMPLE_EDGE] vectorized
                                        SHUFFLE [RS_140]
                                          PartitionCols:_col0
                                          Group By Operator [GBY_139] (rows=462000 width=1436)
                                            Output:["_col0","_col1","_col2"],aggregations:["sum(i_current_price)","count(i_current_price)"],keys:i_category
                                            Filter Operator [FIL_138] (rows=462000 width=1436)
                                              predicate:i_category is not null
                                              TableScan [TS_23] (rows=462000 width=1436)
                                                default@item,j,Tbl:COMPLETE,Col:NONE,Output:["i_current_price","i_category"]
                      <-Reducer 4 [SIMPLE_EDGE]
                        SHUFFLE [RS_64]
                          PartitionCols:_col4
                          Merge Join Operator [MERGEJOIN_113] (rows=696954748 width=88)
                            Conds:RS_61._col5=RS_62._col0(Inner),Output:["_col4","_col9"]
                          <-Reducer 14 [SIMPLE_EDGE]
                            SHUFFLE [RS_62]
                              PartitionCols:_col0
                              Merge Join Operator [MERGEJOIN_110] (rows=88000001 width=860)
                                Conds:RS_134._col1=RS_137._col0(Inner),Output:["_col0","_col3"]
                              <-Map 13 [SIMPLE_EDGE] vectorized
                                SHUFFLE [RS_134]
                                  PartitionCols:_col1
                                  Select Operator [SEL_133] (rows=80000000 width=860)
                                    Output:["_col0","_col1"]
                                    Filter Operator [FIL_132] (rows=80000000 width=860)
                                      predicate:(c_current_addr_sk is not null and c_customer_sk is not null)
                                      TableScan [TS_13] (rows=80000000 width=860)
                                        default@customer,c,Tbl:COMPLETE,Col:NONE,Output:["c_customer_sk","c_current_addr_sk"]
                              <-Map 15 [SIMPLE_EDGE] vectorized
                                SHUFFLE [RS_137]
                                  PartitionCols:_col0
                                  Select Operator [SEL_136] (rows=40000000 width=1014)
                                    Output:["_col0","_col1"]
                                    Filter Operator [FIL_135] (rows=40000000 width=1014)
                                      predicate:ca_address_sk is not null
                                      TableScan [TS_16] (rows=40000000 width=1014)
                                        default@customer_address,a,Tbl:COMPLETE,Col:NONE,Output:["ca_address_sk","ca_state"]
                          <-Reducer 3 [SIMPLE_EDGE]
                            SHUFFLE [RS_61]
                              PartitionCols:_col5
                              Merge Join Operator [MERGEJOIN_109] (rows=633595212 width=88)
                                Conds:RS_58._col0=RS_131._col0(Inner),Output:["_col4","_col5"]
                              <-Map 12 [SIMPLE_EDGE] vectorized
                                SHUFFLE [RS_131]
                                  PartitionCols:_col0
                                  Select Operator [SEL_130] (rows=575995635 width=88)
                                    Output:["_col0","_col1","_col2"]
                                    Filter Operator [FIL_129] (rows=575995635 width=88)
                                      predicate:(ss_customer_sk is not null and ss_item_sk is not null and ss_sold_date_sk is not null)
                                      TableScan [TS_10] (rows=575995635 width=88)
                                        default@store_sales,s,Tbl:COMPLETE,Col:NONE,Output:["ss_sold_date_sk","ss_item_sk","ss_customer_sk"]
                              <-Reducer 2 [SIMPLE_EDGE]
                                SHUFFLE [RS_58]
                                  PartitionCols:_col0
                                  Merge Join Operator [MERGEJOIN_108] (rows=80353 width=1119)
                                    Conds:RS_118._col1=RS_128._col0(Inner),Output:["_col0"]
                                  <-Map 1 [SIMPLE_EDGE] vectorized
                                    SHUFFLE [RS_118]
                                      PartitionCols:_col1
                                      Select Operator [SEL_117] (rows=73049 width=1119)
                                        Output:["_col0","_col1"]
                                        Filter Operator [FIL_116] (rows=73049 width=1119)
                                          predicate:(d_date_sk is not null and d_month_seq is not null)
                                          TableScan [TS_0] (rows=73049 width=1119)
                                            default@date_dim,d,Tbl:COMPLETE,Col:NONE,Output:["d_date_sk","d_month_seq"]
                                  <-Reducer 9 [SIMPLE_EDGE] vectorized
                                    SHUFFLE [RS_128]
                                      PartitionCols:_col0
                                      Group By Operator [GBY_127] (rows=9131 width=1119)
                                        Output:["_col0"],keys:KEY._col0
                                      <-Map 8 [SIMPLE_EDGE] vectorized
                                        SHUFFLE [RS_125]
                                          PartitionCols:_col0
                                          Group By Operator [GBY_123] (rows=18262 width=1119)
                                            Output:["_col0"],keys:d_month_seq
                                            Select Operator [SEL_121] (rows=18262 width=1119)
                                              Output:["d_month_seq"]
                                              Filter Operator [FIL_119] (rows=18262 width=1119)
                                                predicate:((d_moy = 2) and (d_year = 2000) and d_month_seq is not null)
                                                 Please refer to the previous TableScan [TS_3]

