PREHOOK: query: explain
select   
     i_item_id
    ,i_item_desc
    ,s_store_id
    ,s_store_name
    ,sum(ss_quantity)        as store_sales_quantity
    ,sum(sr_return_quantity) as store_returns_quantity
    ,sum(cs_quantity)        as catalog_sales_quantity
 from
    store_sales
   ,store_returns
   ,catalog_sales
   ,date_dim             d1
   ,date_dim             d2
   ,date_dim             d3
   ,store
   ,item
 where
     d1.d_moy               = 4 
 and d1.d_year              = 1999
 and d1.d_date_sk           = ss_sold_date_sk
 and i_item_sk              = ss_item_sk
 and s_store_sk             = ss_store_sk
 and ss_customer_sk         = sr_customer_sk
 and ss_item_sk             = sr_item_sk
 and ss_ticket_number       = sr_ticket_number
 and sr_returned_date_sk    = d2.d_date_sk
 and d2.d_moy               between 4 and  4 + 3 
 and d2.d_year              = 1999
 and sr_customer_sk         = cs_bill_customer_sk
 and sr_item_sk             = cs_item_sk
 and cs_sold_date_sk        = d3.d_date_sk     
 and d3.d_year              in (1999,1999+1,1999+2)
 group by
    i_item_id
   ,i_item_desc
   ,s_store_id
   ,s_store_name
 order by
    i_item_id 
   ,i_item_desc
   ,s_store_id
   ,s_store_name
 limit 100
PREHOOK: type: QUERY
PREHOOK: Input: default@catalog_sales
PREHOOK: Input: default@date_dim
PREHOOK: Input: default@item
PREHOOK: Input: default@store
PREHOOK: Input: default@store_returns
PREHOOK: Input: default@store_sales
PREHOOK: Output: hdfs://### HDFS PATH ###
POSTHOOK: query: explain
select   
     i_item_id
    ,i_item_desc
    ,s_store_id
    ,s_store_name
    ,sum(ss_quantity)        as store_sales_quantity
    ,sum(sr_return_quantity) as store_returns_quantity
    ,sum(cs_quantity)        as catalog_sales_quantity
 from
    store_sales
   ,store_returns
   ,catalog_sales
   ,date_dim             d1
   ,date_dim             d2
   ,date_dim             d3
   ,store
   ,item
 where
     d1.d_moy               = 4 
 and d1.d_year              = 1999
 and d1.d_date_sk           = ss_sold_date_sk
 and i_item_sk              = ss_item_sk
 and s_store_sk             = ss_store_sk
 and ss_customer_sk         = sr_customer_sk
 and ss_item_sk             = sr_item_sk
 and ss_ticket_number       = sr_ticket_number
 and sr_returned_date_sk    = d2.d_date_sk
 and d2.d_moy               between 4 and  4 + 3 
 and d2.d_year              = 1999
 and sr_customer_sk         = cs_bill_customer_sk
 and sr_item_sk             = cs_item_sk
 and cs_sold_date_sk        = d3.d_date_sk     
 and d3.d_year              in (1999,1999+1,1999+2)
 group by
    i_item_id
   ,i_item_desc
   ,s_store_id
   ,s_store_name
 order by
    i_item_id 
   ,i_item_desc
   ,s_store_id
   ,s_store_name
 limit 100
POSTHOOK: type: QUERY
POSTHOOK: Input: default@catalog_sales
POSTHOOK: Input: default@date_dim
POSTHOOK: Input: default@item
POSTHOOK: Input: default@store
POSTHOOK: Input: default@store_returns
POSTHOOK: Input: default@store_sales
POSTHOOK: Output: hdfs://### HDFS PATH ###
Plan optimized by CBO.

Vertex dependency in root stage
Map 1 <- Map 5 (BROADCAST_EDGE)
Map 10 <- Map 9 (BROADCAST_EDGE)
Map 6 <- Map 9 (BROADCAST_EDGE)
Reducer 2 <- Map 1 (SIMPLE_EDGE), Reducer 8 (SIMPLE_EDGE)
Reducer 3 <- Reducer 2 (SIMPLE_EDGE)
Reducer 4 <- Reducer 3 (SIMPLE_EDGE)
Reducer 7 <- Map 10 (SIMPLE_EDGE), Map 6 (SIMPLE_EDGE)
Reducer 8 <- Map 11 (SIMPLE_EDGE), Map 12 (BROADCAST_EDGE), Reducer 7 (SIMPLE_EDGE)

Stage-0
  Fetch Operator
    limit:100
    Stage-1
      Reducer 4 vectorized
      File Output Operator [FS_135]
        Limit [LIM_134] (rows=100 width=496)
          Number of rows:100
          Select Operator [SEL_133] (rows=21091879 width=496)
            Output:["_col0","_col1","_col2","_col3","_col4","_col5","_col6"]
          <-Reducer 3 [SIMPLE_EDGE] vectorized
            SHUFFLE [RS_132]
              Group By Operator [GBY_131] (rows=21091879 width=496)
                Output:["_col0","_col1","_col2","_col3","_col4","_col5","_col6"],aggregations:["sum(VALUE._col0)","sum(VALUE._col1)","sum(VALUE._col2)"],keys:KEY._col0, KEY._col1, KEY._col2, KEY._col3
              <-Reducer 2 [SIMPLE_EDGE]
                SHUFFLE [RS_49]
                  PartitionCols:_col0, _col1, _col2, _col3
                  Group By Operator [GBY_48] (rows=21091879 width=496)
                    Output:["_col0","_col1","_col2","_col3","_col4","_col5","_col6"],aggregations:["sum(_col14)","sum(_col22)","sum(_col3)"],keys:_col7, _col8, _col27, _col28
                    Merge Join Operator [MERGEJOIN_99] (rows=4156223234 width=483)
                      Conds:RS_110._col1, _col2=RS_45._col14, _col13(Inner),Output:["_col3","_col7","_col8","_col14","_col22","_col27","_col28"]
                    <-Map 1 [SIMPLE_EDGE] vectorized
                      SHUFFLE [RS_110]
                        PartitionCols:_col1, _col2
                        Map Join Operator [MAPJOIN_109] (rows=7638375 width=10)
                          Conds:SEL_108._col0=RS_106._col0(Inner),HybridGraceHashJoin:true,Output:["_col1","_col2","_col3"]
                        <-Map 5 [BROADCAST_EDGE] vectorized
                          BROADCAST [RS_106]
                            PartitionCols:_col0
                            Select Operator [SEL_105] (rows=1957 width=8)
                              Output:["_col0"]
                              Filter Operator [FIL_104] (rows=1957 width=8)
                                predicate:((d_year) IN (1999, 2000, 2001) and d_date_sk is not null)
                                TableScan [TS_3] (rows=73049 width=8)
                                  default@date_dim,d3,Tbl:COMPLETE,Col:COMPLETE,Output:["d_date_sk","d_year"]
                        <-Select Operator [SEL_108] (rows=285117831 width=15)
                            Output:["_col0","_col1","_col2","_col3"]
                            Filter Operator [FIL_107] (rows=285117831 width=15)
                              predicate:(cs_bill_customer_sk is not null and cs_item_sk is not null and cs_sold_date_sk is not null)
                              TableScan [TS_0] (rows=287989836 width=15)
                                default@catalog_sales,catalog_sales,Tbl:COMPLETE,Col:COMPLETE,Output:["cs_sold_date_sk","cs_bill_customer_sk","cs_item_sk","cs_quantity"]
                    <-Reducer 8 [SIMPLE_EDGE]
                      SHUFFLE [RS_45]
                        PartitionCols:_col14, _col13
                        Select Operator [SEL_40] (rows=21091879 width=484)
                          Output:["_col1","_col2","_col8","_col13","_col14","_col16","_col21","_col22"]
                          Map Join Operator [MAPJOIN_98] (rows=21091879 width=484)
                            Conds:MERGEJOIN_97._col3=RS_130._col0(Inner),HybridGraceHashJoin:true,Output:["_col5","_col10","_col11","_col13","_col18","_col19","_col21","_col22"]
                          <-Map 12 [BROADCAST_EDGE] vectorized
                            BROADCAST [RS_130]
                              PartitionCols:_col0
                              Select Operator [SEL_129] (rows=1704 width=192)
                                Output:["_col0","_col1","_col2"]
                                Filter Operator [FIL_128] (rows=1704 width=192)
                                  predicate:s_store_sk is not null
                                  TableScan [TS_25] (rows=1704 width=192)
                                    default@store,store,Tbl:COMPLETE,Col:COMPLETE,Output:["s_store_sk","s_store_id","s_store_name"]
                          <-Merge Join Operator [MERGEJOIN_97] (rows=21091879 width=298)
                              Conds:RS_34._col1=RS_127._col0(Inner),Output:["_col3","_col5","_col10","_col11","_col13","_col18","_col19"]
                            <-Map 11 [SIMPLE_EDGE] vectorized
                              SHUFFLE [RS_127]
                                PartitionCols:_col0
                                Select Operator [SEL_126] (rows=462000 width=288)
                                  Output:["_col0","_col1","_col2"]
                                  Filter Operator [FIL_125] (rows=462000 width=288)
                                    predicate:i_item_sk is not null
                                    TableScan [TS_22] (rows=462000 width=288)
                                      default@item,item,Tbl:COMPLETE,Col:COMPLETE,Output:["i_item_sk","i_item_id","i_item_desc"]
                            <-Reducer 7 [SIMPLE_EDGE]
                              SHUFFLE [RS_34]
                                PartitionCols:_col1
                                Merge Join Operator [MERGEJOIN_96] (rows=21091879 width=18)
                                  Conds:RS_120._col1, _col2, _col4=RS_124._col1, _col2, _col3(Inner),Output:["_col1","_col3","_col5","_col10","_col11","_col13"]
                                <-Map 10 [SIMPLE_EDGE] vectorized
                                  SHUFFLE [RS_124]
                                    PartitionCols:_col1, _col2, _col3
                                    Map Join Operator [MAPJOIN_123] (rows=5384572 width=13)
                                      Conds:SEL_122._col0=RS_116._col0(Inner),HybridGraceHashJoin:true,Output:["_col1","_col2","_col3","_col4"]
                                    <-Map 9 [BROADCAST_EDGE] vectorized
                                      BROADCAST [RS_116]
                                        PartitionCols:_col0
                                        Select Operator [SEL_114] (rows=201 width=12)
                                          Output:["_col0"]
                                          Filter Operator [FIL_112] (rows=201 width=12)
                                            predicate:((d_year = 1999) and d_date_sk is not null and d_moy BETWEEN 4 AND 7)
                                            TableScan [TS_9] (rows=73049 width=12)
                                              default@date_dim,d1,Tbl:COMPLETE,Col:COMPLETE,Output:["d_date_sk","d_year","d_moy"]
                                    <-Select Operator [SEL_122] (rows=53632139 width=19)
                                        Output:["_col0","_col1","_col2","_col3","_col4"]
                                        Filter Operator [FIL_121] (rows=53632139 width=19)
                                          predicate:(sr_customer_sk is not null and sr_item_sk is not null and sr_returned_date_sk is not null and sr_ticket_number is not null)
                                          TableScan [TS_12] (rows=57591150 width=19)
                                            default@store_returns,store_returns,Tbl:COMPLETE,Col:COMPLETE,Output:["sr_returned_date_sk","sr_item_sk","sr_customer_sk","sr_ticket_number","sr_return_quantity"]
                                <-Map 6 [SIMPLE_EDGE] vectorized
                                  SHUFFLE [RS_120]
                                    PartitionCols:_col1, _col2, _col4
                                    Map Join Operator [MAPJOIN_119] (rows=13737330 width=8)
                                      Conds:SEL_118._col0=RS_115._col0(Inner),HybridGraceHashJoin:true,Output:["_col1","_col2","_col3","_col4","_col5"]
                                    <-Map 9 [BROADCAST_EDGE] vectorized
                                      BROADCAST [RS_115]
                                        PartitionCols:_col0
                                        Select Operator [SEL_113] (rows=50 width=12)
                                          Output:["_col0"]
                                          Filter Operator [FIL_111] (rows=50 width=12)
                                            predicate:((d_moy = 4) and (d_year = 1999) and d_date_sk is not null)
                                             Please refer to the previous TableScan [TS_9]
                                    <-Select Operator [SEL_118] (rows=501694138 width=23)
                                        Output:["_col0","_col1","_col2","_col3","_col4","_col5"]
                                        Filter Operator [FIL_117] (rows=501694138 width=23)
                                          predicate:(ss_customer_sk is not null and ss_item_sk is not null and ss_sold_date_sk is not null and ss_store_sk is not null and ss_ticket_number is not null)
                                          TableScan [TS_6] (rows=575995635 width=23)
                                            default@store_sales,store_sales,Tbl:COMPLETE,Col:COMPLETE,Output:["ss_sold_date_sk","ss_item_sk","ss_customer_sk","ss_store_sk","ss_ticket_number","ss_quantity"]

