PREHOOK: query: explain
select c_last_name
       ,c_first_name
       ,c_salutation
       ,c_preferred_cust_flag 
       ,ss_ticket_number
       ,cnt from
   (select ss_ticket_number
          ,ss_customer_sk
          ,count(*) cnt
    from store_sales,date_dim,store,household_demographics
    where store_sales.ss_sold_date_sk = date_dim.d_date_sk
    and store_sales.ss_store_sk = store.s_store_sk  
    and store_sales.ss_hdemo_sk = household_demographics.hd_demo_sk
    and date_dim.d_dom between 1 and 2 
    and (household_demographics.hd_buy_potential = '>10000' or
         household_demographics.hd_buy_potential = 'unknown')
    and household_demographics.hd_vehicle_count > 0
    and case when household_demographics.hd_vehicle_count > 0 then 
             household_demographics.hd_dep_count/ household_demographics.hd_vehicle_count else null end > 1
    and date_dim.d_year in (2000,2000+1,2000+2)
    and store.s_county in ('Mobile County','Maverick County','Huron County','Kittitas County')
    group by ss_ticket_number,ss_customer_sk) dj,customer
    where ss_customer_sk = c_customer_sk
      and cnt between 1 and 5
    order by cnt desc
PREHOOK: type: QUERY
PREHOOK: Input: default@customer
PREHOOK: Input: default@date_dim
PREHOOK: Input: default@household_demographics
PREHOOK: Input: default@store
PREHOOK: Input: default@store_sales
PREHOOK: Output: hdfs://### HDFS PATH ###
POSTHOOK: query: explain
select c_last_name
       ,c_first_name
       ,c_salutation
       ,c_preferred_cust_flag 
       ,ss_ticket_number
       ,cnt from
   (select ss_ticket_number
          ,ss_customer_sk
          ,count(*) cnt
    from store_sales,date_dim,store,household_demographics
    where store_sales.ss_sold_date_sk = date_dim.d_date_sk
    and store_sales.ss_store_sk = store.s_store_sk  
    and store_sales.ss_hdemo_sk = household_demographics.hd_demo_sk
    and date_dim.d_dom between 1 and 2 
    and (household_demographics.hd_buy_potential = '>10000' or
         household_demographics.hd_buy_potential = 'unknown')
    and household_demographics.hd_vehicle_count > 0
    and case when household_demographics.hd_vehicle_count > 0 then 
             household_demographics.hd_dep_count/ household_demographics.hd_vehicle_count else null end > 1
    and date_dim.d_year in (2000,2000+1,2000+2)
    and store.s_county in ('Mobile County','Maverick County','Huron County','Kittitas County')
    group by ss_ticket_number,ss_customer_sk) dj,customer
    where ss_customer_sk = c_customer_sk
      and cnt between 1 and 5
    order by cnt desc
POSTHOOK: type: QUERY
POSTHOOK: Input: default@customer
POSTHOOK: Input: default@date_dim
POSTHOOK: Input: default@household_demographics
POSTHOOK: Input: default@store
POSTHOOK: Input: default@store_sales
POSTHOOK: Output: hdfs://### HDFS PATH ###
Plan optimized by CBO.

Vertex dependency in root stage
Reducer 2 <- Map 1 (SIMPLE_EDGE), Reducer 6 (SIMPLE_EDGE)
Reducer 3 <- Reducer 2 (SIMPLE_EDGE)
Reducer 5 <- Map 4 (SIMPLE_EDGE), Map 7 (SIMPLE_EDGE), Map 8 (BROADCAST_EDGE), Map 9 (BROADCAST_EDGE)
Reducer 6 <- Reducer 5 (SIMPLE_EDGE)

Stage-0
  Fetch Operator
    limit:-1
    Stage-1
      Reducer 3 vectorized
      File Output Operator [FS_83]
        Select Operator [SEL_82] (rows=88000001 width=860)
          Output:["_col0","_col1","_col2","_col3","_col4","_col5"]
        <-Reducer 2 [SIMPLE_EDGE]
          SHUFFLE [RS_35]
            Select Operator [SEL_34] (rows=88000001 width=860)
              Output:["_col0","_col1","_col2","_col3","_col4","_col5"]
              Merge Join Operator [MERGEJOIN_60] (rows=88000001 width=860)
                Conds:RS_65._col0=RS_81._col1(Inner),Output:["_col1","_col2","_col3","_col4","_col5","_col7"]
              <-Map 1 [SIMPLE_EDGE] vectorized
                SHUFFLE [RS_65]
                  PartitionCols:_col0
                  Select Operator [SEL_64] (rows=80000000 width=860)
                    Output:["_col0","_col1","_col2","_col3","_col4"]
                    Filter Operator [FIL_63] (rows=80000000 width=860)
                      predicate:c_customer_sk is not null
                      TableScan [TS_0] (rows=80000000 width=860)
                        default@customer,customer,Tbl:COMPLETE,Col:NONE,Output:["c_customer_sk","c_salutation","c_first_name","c_last_name","c_preferred_cust_flag"]
              <-Reducer 6 [SIMPLE_EDGE] vectorized
                SHUFFLE [RS_81]
                  PartitionCols:_col1
                  Filter Operator [FIL_80] (rows=19166256 width=88)
                    predicate:_col2 BETWEEN 1 AND 5
                    Select Operator [SEL_79] (rows=383325119 width=88)
                      Output:["_col0","_col1","_col2"]
                      Group By Operator [GBY_78] (rows=383325119 width=88)
                        Output:["_col0","_col1","_col2"],aggregations:["count(VALUE._col0)"],keys:KEY._col0, KEY._col1
                      <-Reducer 5 [SIMPLE_EDGE]
                        SHUFFLE [RS_26]
                          PartitionCols:_col0, _col1
                          Group By Operator [GBY_25] (rows=766650239 width=88)
                            Output:["_col0","_col1","_col2"],aggregations:["count()"],keys:_col1, _col4
                            Map Join Operator [MAPJOIN_59] (rows=766650239 width=88)
                              Conds:MAPJOIN_58._col3=RS_77._col0(Inner),HybridGraceHashJoin:true,Output:["_col1","_col4"]
                            <-Map 9 [BROADCAST_EDGE] vectorized
                              BROADCAST [RS_77]
                                PartitionCols:_col0
                                Select Operator [SEL_76] (rows=1704 width=1910)
                                  Output:["_col0"]
                                  Filter Operator [FIL_75] (rows=1704 width=1910)
                                    predicate:((s_county) IN ('Mobile County', 'Maverick County', 'Huron County', 'Kittitas County') and s_store_sk is not null)
                                    TableScan [TS_12] (rows=1704 width=1910)
                                      default@store,store,Tbl:COMPLETE,Col:NONE,Output:["s_store_sk","s_county"]
                            <-Map Join Operator [MAPJOIN_58] (rows=696954748 width=88)
                                Conds:MERGEJOIN_57._col2=RS_74._col0(Inner),HybridGraceHashJoin:true,Output:["_col1","_col3","_col4"]
                              <-Map 8 [BROADCAST_EDGE] vectorized
                                BROADCAST [RS_74]
                                  PartitionCols:_col0
                                  Select Operator [SEL_73] (rows=1200 width=107)
                                    Output:["_col0"]
                                    Filter Operator [FIL_72] (rows=1200 width=107)
                                      predicate:((hd_buy_potential) IN ('>10000', 'unknown') and (hd_vehicle_count > 0) and CASE WHEN ((hd_vehicle_count > 0)) THEN (((UDFToDouble(hd_dep_count) / UDFToDouble(hd_vehicle_count)) > 1.0D)) ELSE (null) END and hd_demo_sk is not null)
                                      TableScan [TS_9] (rows=7200 width=107)
                                        default@household_demographics,household_demographics,Tbl:COMPLETE,Col:NONE,Output:["hd_demo_sk","hd_buy_potential","hd_dep_count","hd_vehicle_count"]
                              <-Merge Join Operator [MERGEJOIN_57] (rows=633595212 width=88)
                                  Conds:RS_68._col0=RS_71._col0(Inner),Output:["_col1","_col2","_col3","_col4"]
                                <-Map 4 [SIMPLE_EDGE] vectorized
                                  SHUFFLE [RS_68]
                                    PartitionCols:_col0
                                    Select Operator [SEL_67] (rows=575995635 width=88)
                                      Output:["_col0","_col1","_col2","_col3","_col4"]
                                      Filter Operator [FIL_66] (rows=575995635 width=88)
                                        predicate:(ss_customer_sk is not null and ss_hdemo_sk is not null and ss_sold_date_sk is not null and ss_store_sk is not null)
                                        TableScan [TS_3] (rows=575995635 width=88)
                                          default@store_sales,store_sales,Tbl:COMPLETE,Col:NONE,Output:["ss_sold_date_sk","ss_customer_sk","ss_hdemo_sk","ss_store_sk","ss_ticket_number"]
                                <-Map 7 [SIMPLE_EDGE] vectorized
                                  SHUFFLE [RS_71]
                                    PartitionCols:_col0
                                    Select Operator [SEL_70] (rows=73049 width=1119)
                                      Output:["_col0"]
                                      Filter Operator [FIL_69] (rows=73049 width=1119)
                                        predicate:((d_year) IN (2000, 2001, 2002) and d_date_sk is not null and d_dom BETWEEN 1 AND 2)
                                        TableScan [TS_6] (rows=73049 width=1119)
                                          default@date_dim,date_dim,Tbl:COMPLETE,Col:NONE,Output:["d_date_sk","d_year","d_dom"]

