PREHOOK: query: explain
with ws_wh as
(select ws1.ws_order_number,ws1.ws_warehouse_sk wh1,ws2.ws_warehouse_sk wh2
 from web_sales ws1,web_sales ws2
 where ws1.ws_order_number = ws2.ws_order_number
   and ws1.ws_warehouse_sk <> ws2.ws_warehouse_sk)
 select  
   count(distinct ws_order_number) as `order count`
  ,sum(ws_ext_ship_cost) as `total shipping cost`
  ,sum(ws_net_profit) as `total net profit`
from
   web_sales ws1
  ,date_dim
  ,customer_address
  ,web_site
where
    d_date between '1999-5-01' and 
           (cast('1999-5-01' as date) + 60 days)
and ws1.ws_ship_date_sk = d_date_sk
and ws1.ws_ship_addr_sk = ca_address_sk
and ca_state = 'TX'
and ws1.ws_web_site_sk = web_site_sk
and web_company_name = 'pri'
and ws1.ws_order_number in (select ws_order_number
                            from ws_wh)
and ws1.ws_order_number in (select wr_order_number
                            from web_returns,ws_wh
                            where wr_order_number = ws_wh.ws_order_number)
order by count(distinct ws_order_number)
limit 100
PREHOOK: type: QUERY
POSTHOOK: query: explain
with ws_wh as
(select ws1.ws_order_number,ws1.ws_warehouse_sk wh1,ws2.ws_warehouse_sk wh2
 from web_sales ws1,web_sales ws2
 where ws1.ws_order_number = ws2.ws_order_number
   and ws1.ws_warehouse_sk <> ws2.ws_warehouse_sk)
 select  
   count(distinct ws_order_number) as `order count`
  ,sum(ws_ext_ship_cost) as `total shipping cost`
  ,sum(ws_net_profit) as `total net profit`
from
   web_sales ws1
  ,date_dim
  ,customer_address
  ,web_site
where
    d_date between '1999-5-01' and 
           (cast('1999-5-01' as date) + 60 days)
and ws1.ws_ship_date_sk = d_date_sk
and ws1.ws_ship_addr_sk = ca_address_sk
and ca_state = 'TX'
and ws1.ws_web_site_sk = web_site_sk
and web_company_name = 'pri'
and ws1.ws_order_number in (select ws_order_number
                            from ws_wh)
and ws1.ws_order_number in (select wr_order_number
                            from web_returns,ws_wh
                            where wr_order_number = ws_wh.ws_order_number)
order by count(distinct ws_order_number)
limit 100
POSTHOOK: type: QUERY
Plan optimized by CBO.

Vertex dependency in root stage
Map 1 <- Map 7 (BROADCAST_EDGE)
Reducer 11 <- Map 10 (SIMPLE_EDGE), Map 16 (SIMPLE_EDGE)
Reducer 12 <- Map 17 (SIMPLE_EDGE), Reducer 11 (SIMPLE_EDGE)
Reducer 13 <- Reducer 12 (SIMPLE_EDGE)
Reducer 14 <- Map 10 (SIMPLE_EDGE), Map 16 (SIMPLE_EDGE)
Reducer 15 <- Reducer 14 (SIMPLE_EDGE)
Reducer 2 <- Map 1 (SIMPLE_EDGE), Map 8 (SIMPLE_EDGE), Map 9 (BROADCAST_EDGE)
Reducer 3 <- Reducer 13 (SIMPLE_EDGE), Reducer 15 (SIMPLE_EDGE), Reducer 2 (SIMPLE_EDGE)
Reducer 4 <- Reducer 3 (SIMPLE_EDGE)
Reducer 5 <- Reducer 4 (CUSTOM_SIMPLE_EDGE)
Reducer 6 <- Reducer 5 (SIMPLE_EDGE)

Stage-0
  Fetch Operator
    limit:-1
    Stage-1
      Reducer 6 vectorized
      File Output Operator [FS_166]
        Limit [LIM_165] (rows=1 width=344)
          Number of rows:100
          Select Operator [SEL_164] (rows=1 width=344)
            Output:["_col0","_col1","_col2"]
          <-Reducer 5 [SIMPLE_EDGE] vectorized
            SHUFFLE [RS_163]
              Select Operator [SEL_162] (rows=1 width=344)
                Output:["_col1","_col2","_col3"]
                Group By Operator [GBY_161] (rows=1 width=344)
                  Output:["_col0","_col1","_col2"],aggregations:["count(VALUE._col0)","sum(VALUE._col1)","sum(VALUE._col2)"]
                <-Reducer 4 [CUSTOM_SIMPLE_EDGE] vectorized
                  PARTITION_ONLY_SHUFFLE [RS_160]
                    Group By Operator [GBY_159] (rows=1 width=344)
                      Output:["_col0","_col1","_col2"],aggregations:["count(_col0)","sum(_col1)","sum(_col2)"]
                      Group By Operator [GBY_158] (rows=421668645 width=135)
                        Output:["_col0","_col1","_col2"],aggregations:["sum(VALUE._col0)","sum(VALUE._col1)"],keys:KEY._col0
                      <-Reducer 3 [SIMPLE_EDGE]
                        SHUFFLE [RS_116]
                          PartitionCols:_col0
                          Group By Operator [GBY_115] (rows=421668645 width=135)
                            Output:["_col0","_col2","_col3"],aggregations:["sum(_col4)","sum(_col5)"],keys:_col3
                            Merge Join Operator [MERGEJOIN_127] (rows=421668645 width=135)
                              Conds:RS_58._col3=RS_157._col0(Inner),RS_58._col3=RS_155._col0(Inner),Output:["_col3","_col4","_col5"]
                            <-Reducer 13 [SIMPLE_EDGE] vectorized
                              SHUFFLE [RS_155]
                                PartitionCols:_col0
                                Group By Operator [GBY_154] (rows=87121617 width=135)
                                  Output:["_col0"],keys:KEY._col0
                                <-Reducer 12 [SIMPLE_EDGE]
                                  SHUFFLE [RS_46]
                                    PartitionCols:_col0
                                    Group By Operator [GBY_45] (rows=174243235 width=135)
                                      Output:["_col0"],keys:_col1
                                      Merge Join Operator [MERGEJOIN_126] (rows=174243235 width=135)
                                        Conds:RS_41._col0=RS_153._col0(Inner),Output:["_col1"]
                                      <-Map 17 [SIMPLE_EDGE] vectorized
                                        SHUFFLE [RS_153]
                                          PartitionCols:_col0
                                          Select Operator [SEL_152] (rows=14398467 width=92)
                                            Output:["_col0"]
                                            Filter Operator [FIL_151] (rows=14398467 width=92)
                                              predicate:wr_order_number is not null
                                              TableScan [TS_38] (rows=14398467 width=92)
                                                default@web_returns,web_returns,Tbl:COMPLETE,Col:NONE,Output:["wr_order_number"]
                                      <-Reducer 11 [SIMPLE_EDGE]
                                        SHUFFLE [RS_41]
                                          PartitionCols:_col0
                                          Select Operator [SEL_37] (rows=158402938 width=135)
                                            Output:["_col0"]
                                            Filter Operator [FIL_36] (rows=158402938 width=135)
                                              predicate:(_col0 <> _col2)
                                              Merge Join Operator [MERGEJOIN_125] (rows=158402938 width=135)
                                                Conds:RS_145._col1=RS_149._col1(Inner),Output:["_col0","_col1","_col2"]
                                              <-Map 10 [SIMPLE_EDGE] vectorized
                                                SHUFFLE [RS_145]
                                                  PartitionCols:_col1
                                                  Select Operator [SEL_144] (rows=144002668 width=135)
                                                    Output:["_col0","_col1"]
                                                    Filter Operator [FIL_143] (rows=144002668 width=135)
                                                      predicate:ws_order_number is not null
                                                      TableScan [TS_27] (rows=144002668 width=135)
                                                        default@web_sales,ws1,Tbl:COMPLETE,Col:NONE,Output:["ws_warehouse_sk","ws_order_number"]
                                              <-Map 16 [SIMPLE_EDGE] vectorized
                                                SHUFFLE [RS_149]
                                                  PartitionCols:_col1
                                                  Select Operator [SEL_148] (rows=144002668 width=135)
                                                    Output:["_col0","_col1"]
                                                    Filter Operator [FIL_147] (rows=144002668 width=135)
                                                      predicate:ws_order_number is not null
                                                      TableScan [TS_30] (rows=144002668 width=135)
                                                        default@web_sales,ws2,Tbl:COMPLETE,Col:NONE,Output:["ws_warehouse_sk","ws_order_number"]
                            <-Reducer 15 [SIMPLE_EDGE] vectorized
                              SHUFFLE [RS_157]
                                PartitionCols:_col0
                                Group By Operator [GBY_156] (rows=79201469 width=135)
                                  Output:["_col0"],keys:KEY._col0
                                <-Reducer 14 [SIMPLE_EDGE]
                                  SHUFFLE [RS_24]
                                    PartitionCols:_col0
                                    Group By Operator [GBY_23] (rows=158402938 width=135)
                                      Output:["_col0"],keys:_col1
                                      Select Operator [SEL_22] (rows=158402938 width=135)
                                        Output:["_col1"]
                                        Filter Operator [FIL_21] (rows=158402938 width=135)
                                          predicate:(_col0 <> _col2)
                                          Merge Join Operator [MERGEJOIN_124] (rows=158402938 width=135)
                                            Conds:RS_146._col1=RS_150._col1(Inner),Output:["_col0","_col1","_col2"]
                                          <-Map 10 [SIMPLE_EDGE] vectorized
                                            SHUFFLE [RS_146]
                                              PartitionCols:_col1
                                               Please refer to the previous Select Operator [SEL_144]
                                          <-Map 16 [SIMPLE_EDGE] vectorized
                                            SHUFFLE [RS_150]
                                              PartitionCols:_col1
                                               Please refer to the previous Select Operator [SEL_148]
                            <-Reducer 2 [SIMPLE_EDGE]
                              SHUFFLE [RS_58]
                                PartitionCols:_col3
                                Map Join Operator [MAPJOIN_123] (rows=191667562 width=135)
                                  Conds:MERGEJOIN_122._col2=RS_142._col0(Inner),HybridGraceHashJoin:true,Output:["_col3","_col4","_col5"]
                                <-Map 9 [BROADCAST_EDGE] vectorized
                                  BROADCAST [RS_142]
                                    PartitionCols:_col0
                                    Select Operator [SEL_141] (rows=42 width=1850)
                                      Output:["_col0"]
                                      Filter Operator [FIL_140] (rows=42 width=1850)
                                        predicate:((web_company_name = 'pri') and web_site_sk is not null)
                                        TableScan [TS_9] (rows=84 width=1850)
                                          default@web_site,web_site,Tbl:COMPLETE,Col:NONE,Output:["web_site_sk","web_company_name"]
                                <-Merge Join Operator [MERGEJOIN_122] (rows=174243235 width=135)
                                    Conds:RS_136._col1=RS_139._col0(Inner),Output:["_col2","_col3","_col4","_col5"]
                                  <-Map 1 [SIMPLE_EDGE] vectorized
                                    SHUFFLE [RS_136]
                                      PartitionCols:_col1
                                      Map Join Operator [MAPJOIN_135] (rows=158402938 width=135)
                                        Conds:SEL_134._col0=RS_132._col0(Inner),HybridGraceHashJoin:true,Output:["_col1","_col2","_col3","_col4","_col5"]
                                      <-Map 7 [BROADCAST_EDGE] vectorized
                                        BROADCAST [RS_132]
                                          PartitionCols:_col0
                                          Select Operator [SEL_131] (rows=8116 width=1119)
                                            Output:["_col0"]
                                            Filter Operator [FIL_130] (rows=8116 width=1119)
                                              predicate:(CAST( d_date AS TIMESTAMP) BETWEEN TIMESTAMP'1999-05-01 00:00:00' AND TIMESTAMP'1999-06-30 00:00:00' and d_date_sk is not null)
                                              TableScan [TS_3] (rows=73049 width=1119)
                                                default@date_dim,date_dim,Tbl:COMPLETE,Col:NONE,Output:["d_date_sk","d_date"]
                                      <-Select Operator [SEL_134] (rows=144002668 width=135)
                                          Output:["_col0","_col1","_col2","_col3","_col4","_col5"]
                                          Filter Operator [FIL_133] (rows=144002668 width=135)
                                            predicate:(ws_order_number is not null and ws_ship_addr_sk is not null and ws_ship_date_sk is not null and ws_web_site_sk is not null)
                                            TableScan [TS_0] (rows=144002668 width=135)
                                              default@web_sales,ws1,Tbl:COMPLETE,Col:NONE,Output:["ws_ship_date_sk","ws_ship_addr_sk","ws_web_site_sk","ws_order_number","ws_ext_ship_cost","ws_net_profit"]
                                  <-Map 8 [SIMPLE_EDGE] vectorized
                                    SHUFFLE [RS_139]
                                      PartitionCols:_col0
                                      Select Operator [SEL_138] (rows=20000000 width=1014)
                                        Output:["_col0"]
                                        Filter Operator [FIL_137] (rows=20000000 width=1014)
                                          predicate:((ca_state = 'TX') and ca_address_sk is not null)
                                          TableScan [TS_6] (rows=40000000 width=1014)
                                            default@customer_address,customer_address,Tbl:COMPLETE,Col:NONE,Output:["ca_address_sk","ca_state"]

