PREHOOK: query: explain
with ssr as
 (select  s_store_id as store_id,
          sum(ss_ext_sales_price) as sales,
          sum(coalesce(sr_return_amt, 0)) as returns,
          sum(ss_net_profit - coalesce(sr_net_loss, 0)) as profit
  from store_sales left outer join store_returns on
         (ss_item_sk = sr_item_sk and ss_ticket_number = sr_ticket_number),
     date_dim,
     store,
     item,
     promotion
 where ss_sold_date_sk = d_date_sk
       and d_date between cast('1998-08-04' as date) 
                  and (cast('1998-08-04' as date) +  30 days)
       and ss_store_sk = s_store_sk
       and ss_item_sk = i_item_sk
       and i_current_price > 50
       and ss_promo_sk = p_promo_sk
       and p_channel_tv = 'N'
 group by s_store_id)
 ,
 csr as
 (select  cp_catalog_page_id as catalog_page_id,
          sum(cs_ext_sales_price) as sales,
          sum(coalesce(cr_return_amount, 0)) as returns,
          sum(cs_net_profit - coalesce(cr_net_loss, 0)) as profit
  from catalog_sales left outer join catalog_returns on
         (cs_item_sk = cr_item_sk and cs_order_number = cr_order_number),
     date_dim,
     catalog_page,
     item,
     promotion
 where cs_sold_date_sk = d_date_sk
       and d_date between cast('1998-08-04' as date)
                  and (cast('1998-08-04' as date) +  30 days)
        and cs_catalog_page_sk = cp_catalog_page_sk
       and cs_item_sk = i_item_sk
       and i_current_price > 50
       and cs_promo_sk = p_promo_sk
       and p_channel_tv = 'N'
group by cp_catalog_page_id)
 ,
 wsr as
 (select  web_site_id,
          sum(ws_ext_sales_price) as sales,
          sum(coalesce(wr_return_amt, 0)) as returns,
          sum(ws_net_profit - coalesce(wr_net_loss, 0)) as profit
  from web_sales left outer join web_returns on
         (ws_item_sk = wr_item_sk and ws_order_number = wr_order_number),
     date_dim,
     web_site,
     item,
     promotion
 where ws_sold_date_sk = d_date_sk
       and d_date between cast('1998-08-04' as date)
                  and (cast('1998-08-04' as date) +  30 days)
        and ws_web_site_sk = web_site_sk
       and ws_item_sk = i_item_sk
       and i_current_price > 50
       and ws_promo_sk = p_promo_sk
       and p_channel_tv = 'N'
group by web_site_id)
  select  channel
        , id
        , sum(sales) as sales
        , sum(returns) as returns
        , sum(profit) as profit
 from 
 (select 'store channel' as channel
        , 'store' || store_id as id
        , sales
        , returns
        , profit
 from   ssr
 union all
 select 'catalog channel' as channel
        , 'catalog_page' || catalog_page_id as id
        , sales
        , returns
        , profit
 from  csr
 union all
 select 'web channel' as channel
        , 'web_site' || web_site_id as id
        , sales
        , returns
        , profit
 from   wsr
 ) x
 group by rollup (channel, id)
 order by channel
         ,id
 limit 100
PREHOOK: type: QUERY
POSTHOOK: query: explain
with ssr as
 (select  s_store_id as store_id,
          sum(ss_ext_sales_price) as sales,
          sum(coalesce(sr_return_amt, 0)) as returns,
          sum(ss_net_profit - coalesce(sr_net_loss, 0)) as profit
  from store_sales left outer join store_returns on
         (ss_item_sk = sr_item_sk and ss_ticket_number = sr_ticket_number),
     date_dim,
     store,
     item,
     promotion
 where ss_sold_date_sk = d_date_sk
       and d_date between cast('1998-08-04' as date) 
                  and (cast('1998-08-04' as date) +  30 days)
       and ss_store_sk = s_store_sk
       and ss_item_sk = i_item_sk
       and i_current_price > 50
       and ss_promo_sk = p_promo_sk
       and p_channel_tv = 'N'
 group by s_store_id)
 ,
 csr as
 (select  cp_catalog_page_id as catalog_page_id,
          sum(cs_ext_sales_price) as sales,
          sum(coalesce(cr_return_amount, 0)) as returns,
          sum(cs_net_profit - coalesce(cr_net_loss, 0)) as profit
  from catalog_sales left outer join catalog_returns on
         (cs_item_sk = cr_item_sk and cs_order_number = cr_order_number),
     date_dim,
     catalog_page,
     item,
     promotion
 where cs_sold_date_sk = d_date_sk
       and d_date between cast('1998-08-04' as date)
                  and (cast('1998-08-04' as date) +  30 days)
        and cs_catalog_page_sk = cp_catalog_page_sk
       and cs_item_sk = i_item_sk
       and i_current_price > 50
       and cs_promo_sk = p_promo_sk
       and p_channel_tv = 'N'
group by cp_catalog_page_id)
 ,
 wsr as
 (select  web_site_id,
          sum(ws_ext_sales_price) as sales,
          sum(coalesce(wr_return_amt, 0)) as returns,
          sum(ws_net_profit - coalesce(wr_net_loss, 0)) as profit
  from web_sales left outer join web_returns on
         (ws_item_sk = wr_item_sk and ws_order_number = wr_order_number),
     date_dim,
     web_site,
     item,
     promotion
 where ws_sold_date_sk = d_date_sk
       and d_date between cast('1998-08-04' as date)
                  and (cast('1998-08-04' as date) +  30 days)
        and ws_web_site_sk = web_site_sk
       and ws_item_sk = i_item_sk
       and i_current_price > 50
       and ws_promo_sk = p_promo_sk
       and p_channel_tv = 'N'
group by web_site_id)
  select  channel
        , id
        , sum(sales) as sales
        , sum(returns) as returns
        , sum(profit) as profit
 from 
 (select 'store channel' as channel
        , 'store' || store_id as id
        , sales
        , returns
        , profit
 from   ssr
 union all
 select 'catalog channel' as channel
        , 'catalog_page' || catalog_page_id as id
        , sales
        , returns
        , profit
 from  csr
 union all
 select 'web channel' as channel
        , 'web_site' || web_site_id as id
        , sales
        , returns
        , profit
 from   wsr
 ) x
 group by rollup (channel, id)
 order by channel
         ,id
 limit 100
POSTHOOK: type: QUERY
Plan optimized by CBO.

Vertex dependency in root stage
Reducer 13 <- Map 10 (BROADCAST_EDGE), Map 12 (SIMPLE_EDGE), Map 16 (SIMPLE_EDGE), Map 8 (CUSTOM_SIMPLE_EDGE), Map 9 (CUSTOM_SIMPLE_EDGE)
Reducer 14 <- Map 17 (SIMPLE_EDGE), Reducer 13 (SIMPLE_EDGE)
Reducer 15 <- Reducer 14 (SIMPLE_EDGE), Union 4 (CONTAINS)
Reducer 19 <- Map 10 (BROADCAST_EDGE), Map 18 (SIMPLE_EDGE), Map 21 (SIMPLE_EDGE), Map 22 (BROADCAST_EDGE), Map 8 (CUSTOM_SIMPLE_EDGE), Map 9 (CUSTOM_SIMPLE_EDGE)
Reducer 2 <- Map 1 (SIMPLE_EDGE), Map 10 (BROADCAST_EDGE), Map 11 (BROADCAST_EDGE), Map 7 (SIMPLE_EDGE), Map 8 (CUSTOM_SIMPLE_EDGE), Map 9 (CUSTOM_SIMPLE_EDGE)
Reducer 20 <- Reducer 19 (SIMPLE_EDGE), Union 4 (CONTAINS)
Reducer 3 <- Reducer 2 (SIMPLE_EDGE), Union 4 (CONTAINS)
Reducer 5 <- Union 4 (SIMPLE_EDGE)
Reducer 6 <- Reducer 5 (SIMPLE_EDGE)

Stage-0
  Fetch Operator
    limit:100
    Stage-1
      Reducer 6 vectorized
      File Output Operator [FS_277]
        Limit [LIM_276] (rows=100 width=108)
          Number of rows:100
          Select Operator [SEL_275] (rows=1217531358 width=108)
            Output:["_col0","_col1","_col2","_col3","_col4"]
          <-Reducer 5 [SIMPLE_EDGE] vectorized
            SHUFFLE [RS_274]
              Select Operator [SEL_273] (rows=1217531358 width=108)
                Output:["_col0","_col1","_col2","_col3","_col4"]
                Group By Operator [GBY_272] (rows=1217531358 width=108)
                  Output:["_col0","_col1","_col3","_col4","_col5"],aggregations:["sum(VALUE._col0)","sum(VALUE._col1)","sum(VALUE._col2)"],keys:KEY._col0, KEY._col1, KEY._col2
                <-Union 4 [SIMPLE_EDGE]
                  <-Reducer 15 [CONTAINS] vectorized
                    Reduce Output Operator [RS_290]
                      PartitionCols:_col0, _col1, _col2
                      Group By Operator [GBY_289] (rows=2435062716 width=108)
                        Output:["_col0","_col1","_col2","_col3","_col4","_col5"],aggregations:["sum(_col2)","sum(_col3)","sum(_col4)"],keys:_col0, _col1, 0L
                        Select Operator [SEL_288] (rows=231905279 width=135)
                          Output:["_col0","_col1","_col2","_col3","_col4"]
                          Group By Operator [GBY_287] (rows=231905279 width=135)
                            Output:["_col0","_col1","_col2","_col3"],aggregations:["sum(VALUE._col0)","sum(VALUE._col1)","sum(VALUE._col2)"],keys:KEY._col0
                          <-Reducer 14 [SIMPLE_EDGE]
                            SHUFFLE [RS_75]
                              PartitionCols:_col0
                              Group By Operator [GBY_74] (rows=463810558 width=135)
                                Output:["_col0","_col1","_col2","_col3"],aggregations:["sum(_col1)","sum(_col2)","sum(_col3)"],keys:_col0
                                Select Operator [SEL_72] (rows=463810558 width=135)
                                  Output:["_col0","_col1","_col2","_col3"]
                                  Merge Join Operator [MERGEJOIN_212] (rows=463810558 width=135)
                                    Conds:RS_69._col1=RS_286._col0(Inner),Output:["_col5","_col6","_col9","_col10","_col18"]
                                  <-Map 17 [SIMPLE_EDGE] vectorized
                                    SHUFFLE [RS_286]
                                      PartitionCols:_col0
                                      Select Operator [SEL_285] (rows=46000 width=460)
                                        Output:["_col0","_col1"]
                                        Filter Operator [FIL_284] (rows=46000 width=460)
                                          predicate:cp_catalog_page_sk is not null
                                          TableScan [TS_54] (rows=46000 width=460)
                                            default@catalog_page,catalog_page,Tbl:COMPLETE,Col:NONE,Output:["cp_catalog_page_sk","cp_catalog_page_id"]
                                  <-Reducer 13 [SIMPLE_EDGE]
                                    SHUFFLE [RS_69]
                                      PartitionCols:_col1
                                      Map Join Operator [MAPJOIN_211] (rows=421645953 width=135)
                                        Conds:MAPJOIN_210._col3=RS_263._col0(Inner),HybridGraceHashJoin:true,Output:["_col1","_col5","_col6","_col9","_col10"]
                                      <-Map 10 [BROADCAST_EDGE] vectorized
                                        BROADCAST [RS_263]
                                          PartitionCols:_col0
                                          Select Operator [SEL_261] (rows=1150 width=1179)
                                            Output:["_col0"]
                                            Filter Operator [FIL_260] (rows=1150 width=1179)
                                              predicate:((p_channel_tv = 'N') and p_promo_sk is not null)
                                              TableScan [TS_12] (rows=2300 width=1179)
                                                default@promotion,promotion,Tbl:COMPLETE,Col:NONE,Output:["p_promo_sk","p_channel_tv"]
                                      <-Map Join Operator [MAPJOIN_210] (rows=383314495 width=135)
                                          BucketMapJoin:true,Conds:MAPJOIN_209._col2=RS_258._col0(Inner),HybridGraceHashJoin:true,Output:["_col1","_col3","_col5","_col6","_col9","_col10"]
                                        <-Map 9 [CUSTOM_SIMPLE_EDGE] vectorized
                                          PARTITION_ONLY_SHUFFLE [RS_258]
                                            PartitionCols:_col0
                                            Select Operator [SEL_256] (rows=154000 width=1436)
                                              Output:["_col0"]
                                              Filter Operator [FIL_255] (rows=154000 width=1436)
                                                predicate:((i_current_price > 50) and i_item_sk is not null)
                                                TableScan [TS_9] (rows=462000 width=1436)
                                                  default@item,item,Tbl:COMPLETE,Col:NONE,Output:["i_item_sk","i_current_price"]
                                        <-Map Join Operator [MAPJOIN_209] (rows=348467716 width=135)
                                            BucketMapJoin:true,Conds:MERGEJOIN_208._col0=RS_253._col0(Inner),HybridGraceHashJoin:true,Output:["_col1","_col2","_col3","_col5","_col6","_col9","_col10"]
                                          <-Map 8 [CUSTOM_SIMPLE_EDGE] vectorized
                                            PARTITION_ONLY_SHUFFLE [RS_253]
                                              PartitionCols:_col0
                                              Select Operator [SEL_251] (rows=8116 width=1119)
                                                Output:["_col0"]
                                                Filter Operator [FIL_250] (rows=8116 width=1119)
                                                  predicate:(CAST( d_date AS TIMESTAMP) BETWEEN TIMESTAMP'1998-08-04 00:00:00' AND TIMESTAMP'1998-09-03 00:00:00' and d_date_sk is not null)
                                                  TableScan [TS_6] (rows=73049 width=1119)
                                                    default@date_dim,date_dim,Tbl:COMPLETE,Col:NONE,Output:["d_date_sk","d_date"]
                                          <-Merge Join Operator [MERGEJOIN_208] (rows=316788826 width=135)
                                              Conds:RS_280._col2, _col4=RS_283._col0, _col1(Left Outer),Output:["_col0","_col1","_col2","_col3","_col5","_col6","_col9","_col10"]
                                            <-Map 12 [SIMPLE_EDGE] vectorized
                                              SHUFFLE [RS_280]
                                                PartitionCols:_col2, _col4
                                                Select Operator [SEL_279] (rows=287989836 width=135)
                                                  Output:["_col0","_col1","_col2","_col3","_col4","_col5","_col6"]
                                                  Filter Operator [FIL_278] (rows=287989836 width=135)
                                                    predicate:(cs_catalog_page_sk is not null and cs_item_sk is not null and cs_promo_sk is not null and cs_sold_date_sk is not null)
                                                    TableScan [TS_39] (rows=287989836 width=135)
                                                      default@catalog_sales,catalog_sales,Tbl:COMPLETE,Col:NONE,Output:["cs_sold_date_sk","cs_catalog_page_sk","cs_item_sk","cs_promo_sk","cs_order_number","cs_ext_sales_price","cs_net_profit"]
                                            <-Map 16 [SIMPLE_EDGE] vectorized
                                              SHUFFLE [RS_283]
                                                PartitionCols:_col0, _col1
                                                Select Operator [SEL_282] (rows=28798881 width=106)
                                                  Output:["_col0","_col1","_col2","_col3"]
                                                  Filter Operator [FIL_281] (rows=28798881 width=106)
                                                    predicate:cr_item_sk is not null
                                                    TableScan [TS_42] (rows=28798881 width=106)
                                                      default@catalog_returns,catalog_returns,Tbl:COMPLETE,Col:NONE,Output:["cr_item_sk","cr_order_number","cr_return_amount","cr_net_loss"]
                  <-Reducer 20 [CONTAINS] vectorized
                    Reduce Output Operator [RS_303]
                      PartitionCols:_col0, _col1, _col2
                      Group By Operator [GBY_302] (rows=2435062716 width=108)
                        Output:["_col0","_col1","_col2","_col3","_col4","_col5"],aggregations:["sum(_col2)","sum(_col3)","sum(_col4)"],keys:_col0, _col1, 0L
                        Select Operator [SEL_301] (rows=115958879 width=135)
                          Output:["_col0","_col1","_col2","_col3","_col4"]
                          Group By Operator [GBY_300] (rows=115958879 width=135)
                            Output:["_col0","_col1","_col2","_col3"],aggregations:["sum(VALUE._col0)","sum(VALUE._col1)","sum(VALUE._col2)"],keys:KEY._col0
                          <-Reducer 19 [SIMPLE_EDGE]
                            SHUFFLE [RS_115]
                              PartitionCols:_col0
                              Group By Operator [GBY_114] (rows=231917759 width=135)
                                Output:["_col0","_col1","_col2","_col3"],aggregations:["sum(_col1)","sum(_col2)","sum(_col3)"],keys:_col0
                                Select Operator [SEL_112] (rows=231917759 width=135)
                                  Output:["_col0","_col1","_col2","_col3"]
                                  Map Join Operator [MAPJOIN_217] (rows=231917759 width=135)
                                    Conds:MAPJOIN_216._col2=RS_299._col0(Inner),HybridGraceHashJoin:true,Output:["_col5","_col6","_col9","_col10","_col18"]
                                  <-Map 22 [BROADCAST_EDGE] vectorized
                                    BROADCAST [RS_299]
                                      PartitionCols:_col0
                                      Select Operator [SEL_298] (rows=84 width=1850)
                                        Output:["_col0","_col1"]
                                        Filter Operator [FIL_297] (rows=84 width=1850)
                                          predicate:web_site_sk is not null
                                          TableScan [TS_94] (rows=84 width=1850)
                                            default@web_site,web_site,Tbl:COMPLETE,Col:NONE,Output:["web_site_sk","web_site_id"]
                                  <-Map Join Operator [MAPJOIN_216] (rows=210834322 width=135)
                                      Conds:MAPJOIN_215._col3=RS_264._col0(Inner),HybridGraceHashJoin:true,Output:["_col2","_col5","_col6","_col9","_col10"]
                                    <-Map 10 [BROADCAST_EDGE] vectorized
                                      BROADCAST [RS_264]
                                        PartitionCols:_col0
                                         Please refer to the previous Select Operator [SEL_261]
                                    <-Map Join Operator [MAPJOIN_215] (rows=191667562 width=135)
                                        BucketMapJoin:true,Conds:MAPJOIN_214._col1=RS_259._col0(Inner),HybridGraceHashJoin:true,Output:["_col2","_col3","_col5","_col6","_col9","_col10"]
                                      <-Map 9 [CUSTOM_SIMPLE_EDGE] vectorized
                                        PARTITION_ONLY_SHUFFLE [RS_259]
                                          PartitionCols:_col0
                                           Please refer to the previous Select Operator [SEL_256]
                                      <-Map Join Operator [MAPJOIN_214] (rows=174243235 width=135)
                                          BucketMapJoin:true,Conds:MERGEJOIN_213._col0=RS_254._col0(Inner),HybridGraceHashJoin:true,Output:["_col1","_col2","_col3","_col5","_col6","_col9","_col10"]
                                        <-Map 8 [CUSTOM_SIMPLE_EDGE] vectorized
                                          PARTITION_ONLY_SHUFFLE [RS_254]
                                            PartitionCols:_col0
                                             Please refer to the previous Select Operator [SEL_251]
                                        <-Merge Join Operator [MERGEJOIN_213] (rows=158402938 width=135)
                                            Conds:RS_293._col1, _col4=RS_296._col0, _col1(Left Outer),Output:["_col0","_col1","_col2","_col3","_col5","_col6","_col9","_col10"]
                                          <-Map 18 [SIMPLE_EDGE] vectorized
                                            SHUFFLE [RS_293]
                                              PartitionCols:_col1, _col4
                                              Select Operator [SEL_292] (rows=144002668 width=135)
                                                Output:["_col0","_col1","_col2","_col3","_col4","_col5","_col6"]
                                                Filter Operator [FIL_291] (rows=144002668 width=135)
                                                  predicate:(ws_item_sk is not null and ws_promo_sk is not null and ws_sold_date_sk is not null and ws_web_site_sk is not null)
                                                  TableScan [TS_79] (rows=144002668 width=135)
                                                    default@web_sales,web_sales,Tbl:COMPLETE,Col:NONE,Output:["ws_sold_date_sk","ws_item_sk","ws_web_site_sk","ws_promo_sk","ws_order_number","ws_ext_sales_price","ws_net_profit"]
                                          <-Map 21 [SIMPLE_EDGE] vectorized
                                            SHUFFLE [RS_296]
                                              PartitionCols:_col0, _col1
                                              Select Operator [SEL_295] (rows=14398467 width=92)
                                                Output:["_col0","_col1","_col2","_col3"]
                                                Filter Operator [FIL_294] (rows=14398467 width=92)
                                                  predicate:wr_item_sk is not null
                                                  TableScan [TS_82] (rows=14398467 width=92)
                                                    default@web_returns,web_returns,Tbl:COMPLETE,Col:NONE,Output:["wr_item_sk","wr_order_number","wr_return_amt","wr_net_loss"]
                  <-Reducer 3 [CONTAINS] vectorized
                    Reduce Output Operator [RS_271]
                      PartitionCols:_col0, _col1, _col2
                      Group By Operator [GBY_270] (rows=2435062716 width=108)
                        Output:["_col0","_col1","_col2","_col3","_col4","_col5"],aggregations:["sum(_col2)","sum(_col3)","sum(_col4)"],keys:_col0, _col1, 0L
                        Select Operator [SEL_269] (rows=463823414 width=88)
                          Output:["_col0","_col1","_col2","_col3","_col4"]
                          Group By Operator [GBY_268] (rows=463823414 width=88)
                            Output:["_col0","_col1","_col2","_col3"],aggregations:["sum(VALUE._col0)","sum(VALUE._col1)","sum(VALUE._col2)"],keys:KEY._col0
                          <-Reducer 2 [SIMPLE_EDGE]
                            SHUFFLE [RS_36]
                              PartitionCols:_col0
                              Group By Operator [GBY_35] (rows=927646829 width=88)
                                Output:["_col0","_col1","_col2","_col3"],aggregations:["sum(_col1)","sum(_col2)","sum(_col3)"],keys:_col0
                                Select Operator [SEL_33] (rows=927646829 width=88)
                                  Output:["_col0","_col1","_col2","_col3"]
                                  Map Join Operator [MAPJOIN_207] (rows=927646829 width=88)
                                    Conds:MAPJOIN_206._col2=RS_267._col0(Inner),HybridGraceHashJoin:true,Output:["_col5","_col6","_col9","_col10","_col18"]
                                  <-Map 11 [BROADCAST_EDGE] vectorized
                                    BROADCAST [RS_267]
                                      PartitionCols:_col0
                                      Select Operator [SEL_266] (rows=1704 width=1910)
                                        Output:["_col0","_col1"]
                                        Filter Operator [FIL_265] (rows=1704 width=1910)
                                          predicate:s_store_sk is not null
                                          TableScan [TS_15] (rows=1704 width=1910)
                                            default@store,store,Tbl:COMPLETE,Col:NONE,Output:["s_store_sk","s_store_id"]
                                  <-Map Join Operator [MAPJOIN_206] (rows=843315281 width=88)
                                      Conds:MAPJOIN_205._col3=RS_262._col0(Inner),HybridGraceHashJoin:true,Output:["_col2","_col5","_col6","_col9","_col10"]
                                    <-Map 10 [BROADCAST_EDGE] vectorized
                                      BROADCAST [RS_262]
                                        PartitionCols:_col0
                                         Please refer to the previous Select Operator [SEL_261]
                                    <-Map Join Operator [MAPJOIN_205] (rows=766650239 width=88)
                                        BucketMapJoin:true,Conds:MAPJOIN_204._col1=RS_257._col0(Inner),HybridGraceHashJoin:true,Output:["_col2","_col3","_col5","_col6","_col9","_col10"]
                                      <-Map 9 [CUSTOM_SIMPLE_EDGE] vectorized
                                        PARTITION_ONLY_SHUFFLE [RS_257]
                                          PartitionCols:_col0
                                           Please refer to the previous Select Operator [SEL_256]
                                      <-Map Join Operator [MAPJOIN_204] (rows=696954748 width=88)
                                          BucketMapJoin:true,Conds:MERGEJOIN_203._col0=RS_252._col0(Inner),HybridGraceHashJoin:true,Output:["_col1","_col2","_col3","_col5","_col6","_col9","_col10"]
                                        <-Map 8 [CUSTOM_SIMPLE_EDGE] vectorized
                                          PARTITION_ONLY_SHUFFLE [RS_252]
                                            PartitionCols:_col0
                                             Please refer to the previous Select Operator [SEL_251]
                                        <-Merge Join Operator [MERGEJOIN_203] (rows=633595212 width=88)
                                            Conds:RS_246._col1, _col4=RS_249._col0, _col1(Left Outer),Output:["_col0","_col1","_col2","_col3","_col5","_col6","_col9","_col10"]
                                          <-Map 1 [SIMPLE_EDGE] vectorized
                                            SHUFFLE [RS_246]
                                              PartitionCols:_col1, _col4
                                              Select Operator [SEL_245] (rows=575995635 width=88)
                                                Output:["_col0","_col1","_col2","_col3","_col4","_col5","_col6"]
                                                Filter Operator [FIL_244] (rows=575995635 width=88)
                                                  predicate:(ss_item_sk is not null and ss_promo_sk is not null and ss_sold_date_sk is not null and ss_store_sk is not null)
                                                  TableScan [TS_0] (rows=575995635 width=88)
                                                    default@store_sales,store_sales,Tbl:COMPLETE,Col:NONE,Output:["ss_sold_date_sk","ss_item_sk","ss_store_sk","ss_promo_sk","ss_ticket_number","ss_ext_sales_price","ss_net_profit"]
                                          <-Map 7 [SIMPLE_EDGE] vectorized
                                            SHUFFLE [RS_249]
                                              PartitionCols:_col0, _col1
                                              Select Operator [SEL_248] (rows=57591150 width=77)
                                                Output:["_col0","_col1","_col2","_col3"]
                                                Filter Operator [FIL_247] (rows=57591150 width=77)
                                                  predicate:sr_item_sk is not null
                                                  TableScan [TS_3] (rows=57591150 width=77)
                                                    default@store_returns,store_returns,Tbl:COMPLETE,Col:NONE,Output:["sr_item_sk","sr_ticket_number","sr_return_amt","sr_net_loss"]

