PREHOOK: query: create table t(x string, y string)
PREHOOK: type: CREATETABLE
PREHOOK: Output: database:default
PREHOOK: Output: default@t
POSTHOOK: query: create table t(x string, y string)
POSTHOOK: type: CREATETABLE
POSTHOOK: Output: database:default
POSTHOOK: Output: default@t
PREHOOK: query: insert into t values ('vmi', 'vmi')
PREHOOK: type: QUERY
PREHOOK: Input: default@values__tmp__table__1
PREHOOK: Output: default@t
POSTHOOK: query: insert into t values ('vmi', 'vmi')
POSTHOOK: type: QUERY
POSTHOOK: Input: default@values__tmp__table__1
POSTHOOK: Output: default@t
POSTHOOK: Lineage: t.x SIMPLE [(values__tmp__table__1)values__tmp__table__1.FieldSchema(name:tmp_values_col1, type:string, comment:), ]
POSTHOOK: Lineage: t.y SIMPLE [(values__tmp__table__1)values__tmp__table__1.FieldSchema(name:tmp_values_col2, type:string, comment:), ]
PREHOOK: query: describe formatted t
PREHOOK: type: DESCTABLE
PREHOOK: Input: default@t
POSTHOOK: query: describe formatted t
POSTHOOK: type: DESCTABLE
POSTHOOK: Input: default@t
# col_name            	data_type           	comment             
	 	 
x                   	string              	                    
y                   	string              	                    
	 	 
# Detailed Table Information	 	 
Database:           	default             	 
#### A masked pattern was here ####
Protect Mode:       	None                	 
Retention:          	0                   	 
#### A masked pattern was here ####
Table Type:         	MANAGED_TABLE       	 
Table Parameters:	 	 
	COLUMN_STATS_ACCURATE	{\"BASIC_STATS\":\"true\"}
	numFiles            	1                   
	numRows             	1                   
	rawDataSize         	7                   
	totalSize           	8                   
#### A masked pattern was here ####
	 	 
# Storage Information	 	 
SerDe Library:      	org.apache.hadoop.hive.serde2.lazy.LazySimpleSerDe	 
InputFormat:        	org.apache.hadoop.mapred.TextInputFormat	 
OutputFormat:       	org.apache.hadoop.hive.ql.io.HiveIgnoreKeyTextOutputFormat	 
Compressed:         	No                  	 
Num Buckets:        	-1                  	 
Bucket Columns:     	[]                  	 
Sort Columns:       	[]                  	 
Storage Desc Params:	 	 
	serialization.format	1                   
PREHOOK: query: analyze table t compute statistics for columns x
PREHOOK: type: QUERY
PREHOOK: Input: default@t
#### A masked pattern was here ####
POSTHOOK: query: analyze table t compute statistics for columns x
POSTHOOK: type: QUERY
POSTHOOK: Input: default@t
#### A masked pattern was here ####
PREHOOK: query: describe formatted t
PREHOOK: type: DESCTABLE
PREHOOK: Input: default@t
POSTHOOK: query: describe formatted t
POSTHOOK: type: DESCTABLE
POSTHOOK: Input: default@t
# col_name            	data_type           	comment             
	 	 
x                   	string              	                    
y                   	string              	                    
	 	 
# Detailed Table Information	 	 
Database:           	default             	 
#### A masked pattern was here ####
Protect Mode:       	None                	 
Retention:          	0                   	 
#### A masked pattern was here ####
Table Type:         	MANAGED_TABLE       	 
Table Parameters:	 	 
	COLUMN_STATS_ACCURATE	{\"BASIC_STATS\":\"true\",\"COLUMN_STATS\":{\"x\":\"true\"}}
	numFiles            	1                   
	numRows             	1                   
	rawDataSize         	7                   
	totalSize           	8                   
#### A masked pattern was here ####
	 	 
# Storage Information	 	 
SerDe Library:      	org.apache.hadoop.hive.serde2.lazy.LazySimpleSerDe	 
InputFormat:        	org.apache.hadoop.mapred.TextInputFormat	 
OutputFormat:       	org.apache.hadoop.hive.ql.io.HiveIgnoreKeyTextOutputFormat	 
Compressed:         	No                  	 
Num Buckets:        	-1                  	 
Bucket Columns:     	[]                  	 
Sort Columns:       	[]                  	 
Storage Desc Params:	 	 
	serialization.format	1                   
PREHOOK: query: -- escaped back ticks
create table t4(`x+1``` string, `y&y` string)
PREHOOK: type: CREATETABLE
PREHOOK: Output: database:default
PREHOOK: Output: default@t4
POSTHOOK: query: -- escaped back ticks
create table t4(`x+1``` string, `y&y` string)
POSTHOOK: type: CREATETABLE
POSTHOOK: Output: database:default
POSTHOOK: Output: default@t4
PREHOOK: query: insert into t4 values ('vmi2', 'vmi2')
PREHOOK: type: QUERY
PREHOOK: Input: default@values__tmp__table__2
PREHOOK: Output: default@t4
POSTHOOK: query: insert into t4 values ('vmi2', 'vmi2')
POSTHOOK: type: QUERY
POSTHOOK: Input: default@values__tmp__table__2
POSTHOOK: Output: default@t4
POSTHOOK: Lineage: t4.x+1` SIMPLE [(values__tmp__table__2)values__tmp__table__2.FieldSchema(name:tmp_values_col1, type:string, comment:), ]
POSTHOOK: Lineage: t4.y&y SIMPLE [(values__tmp__table__2)values__tmp__table__2.FieldSchema(name:tmp_values_col2, type:string, comment:), ]
PREHOOK: query: describe formatted t4
PREHOOK: type: DESCTABLE
PREHOOK: Input: default@t4
POSTHOOK: query: describe formatted t4
POSTHOOK: type: DESCTABLE
POSTHOOK: Input: default@t4
# col_name            	data_type           	comment             
	 	 
x+1`                	string              	                    
y&y                 	string              	                    
	 	 
# Detailed Table Information	 	 
Database:           	default             	 
#### A masked pattern was here ####
Protect Mode:       	None                	 
Retention:          	0                   	 
#### A masked pattern was here ####
Table Type:         	MANAGED_TABLE       	 
Table Parameters:	 	 
	COLUMN_STATS_ACCURATE	{\"BASIC_STATS\":\"true\"}
	numFiles            	1                   
	numRows             	1                   
	rawDataSize         	9                   
	totalSize           	10                  
#### A masked pattern was here ####
	 	 
# Storage Information	 	 
SerDe Library:      	org.apache.hadoop.hive.serde2.lazy.LazySimpleSerDe	 
InputFormat:        	org.apache.hadoop.mapred.TextInputFormat	 
OutputFormat:       	org.apache.hadoop.hive.ql.io.HiveIgnoreKeyTextOutputFormat	 
Compressed:         	No                  	 
Num Buckets:        	-1                  	 
Bucket Columns:     	[]                  	 
Sort Columns:       	[]                  	 
Storage Desc Params:	 	 
	serialization.format	1                   
PREHOOK: query: analyze table t4 compute statistics for columns `x+1```
PREHOOK: type: QUERY
PREHOOK: Input: default@t4
#### A masked pattern was here ####
POSTHOOK: query: analyze table t4 compute statistics for columns `x+1```
POSTHOOK: type: QUERY
POSTHOOK: Input: default@t4
#### A masked pattern was here ####
PREHOOK: query: describe formatted t4
PREHOOK: type: DESCTABLE
PREHOOK: Input: default@t4
POSTHOOK: query: describe formatted t4
POSTHOOK: type: DESCTABLE
POSTHOOK: Input: default@t4
# col_name            	data_type           	comment             
	 	 
x+1`                	string              	                    
y&y                 	string              	                    
	 	 
# Detailed Table Information	 	 
Database:           	default             	 
#### A masked pattern was here ####
Protect Mode:       	None                	 
Retention:          	0                   	 
#### A masked pattern was here ####
Table Type:         	MANAGED_TABLE       	 
Table Parameters:	 	 
	COLUMN_STATS_ACCURATE	{\"BASIC_STATS\":\"true\",\"COLUMN_STATS\":{\"x+1`\":\"true\"}}
	numFiles            	1                   
	numRows             	1                   
	rawDataSize         	9                   
	totalSize           	10                  
#### A masked pattern was here ####
	 	 
# Storage Information	 	 
SerDe Library:      	org.apache.hadoop.hive.serde2.lazy.LazySimpleSerDe	 
InputFormat:        	org.apache.hadoop.mapred.TextInputFormat	 
OutputFormat:       	org.apache.hadoop.hive.ql.io.HiveIgnoreKeyTextOutputFormat	 
Compressed:         	No                  	 
Num Buckets:        	-1                  	 
Bucket Columns:     	[]                  	 
Sort Columns:       	[]                  	 
Storage Desc Params:	 	 
	serialization.format	1                   
PREHOOK: query: describe formatted t4 `x+1```
PREHOOK: type: DESCTABLE
PREHOOK: Input: default@t4
POSTHOOK: query: describe formatted t4 `x+1```
POSTHOOK: type: DESCTABLE
POSTHOOK: Input: default@t4
# col_name            	data_type           	min                 	max                 	num_nulls           	distinct_count      	avg_col_len         	max_col_len         	num_trues           	num_falses          	comment             
	 	 	 	 	 	 	 	 	 	 
x+1`                	string              	                    	                    	0                   	1                   	4.0                 	4                   	                    	                    	from deserializer   
