PREHOOK: query: explain
with sr_items as
 (select i_item_id item_id,
        sum(sr_return_quantity) sr_item_qty
 from store_returns,
      item,
      date_dim
 where sr_item_sk = i_item_sk
 and   d_date    in 
	(select d_date
	from date_dim
	where d_week_seq in 
		(select d_week_seq
		from date_dim
	  where d_date in ('1998-01-02','1998-10-15','1998-11-10')))
 and   sr_returned_date_sk   = d_date_sk
 group by i_item_id),
 cr_items as
 (select i_item_id item_id,
        sum(cr_return_quantity) cr_item_qty
 from catalog_returns,
      item,
      date_dim
 where cr_item_sk = i_item_sk
 and   d_date    in 
	(select d_date
	from date_dim
	where d_week_seq in 
		(select d_week_seq
		from date_dim
	  where d_date in ('1998-01-02','1998-10-15','1998-11-10')))
 and   cr_returned_date_sk   = d_date_sk
 group by i_item_id),
 wr_items as
 (select i_item_id item_id,
        sum(wr_return_quantity) wr_item_qty
 from web_returns,
      item,
      date_dim
 where wr_item_sk = i_item_sk
 and   d_date    in 
	(select d_date
	from date_dim
	where d_week_seq in 
		(select d_week_seq
		from date_dim
		where d_date in ('1998-01-02','1998-10-15','1998-11-10')))
 and   wr_returned_date_sk   = d_date_sk
 group by i_item_id)
  select  sr_items.item_id
       ,sr_item_qty
       ,sr_item_qty/(sr_item_qty+cr_item_qty+wr_item_qty)/3.0 * 100 sr_dev
       ,cr_item_qty
       ,cr_item_qty/(sr_item_qty+cr_item_qty+wr_item_qty)/3.0 * 100 cr_dev
       ,wr_item_qty
       ,wr_item_qty/(sr_item_qty+cr_item_qty+wr_item_qty)/3.0 * 100 wr_dev
       ,(sr_item_qty+cr_item_qty+wr_item_qty)/3.0 average
 from sr_items
     ,cr_items
     ,wr_items
 where sr_items.item_id=cr_items.item_id
   and sr_items.item_id=wr_items.item_id 
 order by sr_items.item_id
         ,sr_item_qty
 limit 100
PREHOOK: type: QUERY
PREHOOK: Input: default@catalog_returns
PREHOOK: Input: default@date_dim
PREHOOK: Input: default@item
PREHOOK: Input: default@store_returns
PREHOOK: Input: default@web_returns
PREHOOK: Output: hdfs://### HDFS PATH ###
POSTHOOK: query: explain
with sr_items as
 (select i_item_id item_id,
        sum(sr_return_quantity) sr_item_qty
 from store_returns,
      item,
      date_dim
 where sr_item_sk = i_item_sk
 and   d_date    in 
	(select d_date
	from date_dim
	where d_week_seq in 
		(select d_week_seq
		from date_dim
	  where d_date in ('1998-01-02','1998-10-15','1998-11-10')))
 and   sr_returned_date_sk   = d_date_sk
 group by i_item_id),
 cr_items as
 (select i_item_id item_id,
        sum(cr_return_quantity) cr_item_qty
 from catalog_returns,
      item,
      date_dim
 where cr_item_sk = i_item_sk
 and   d_date    in 
	(select d_date
	from date_dim
	where d_week_seq in 
		(select d_week_seq
		from date_dim
	  where d_date in ('1998-01-02','1998-10-15','1998-11-10')))
 and   cr_returned_date_sk   = d_date_sk
 group by i_item_id),
 wr_items as
 (select i_item_id item_id,
        sum(wr_return_quantity) wr_item_qty
 from web_returns,
      item,
      date_dim
 where wr_item_sk = i_item_sk
 and   d_date    in 
	(select d_date
	from date_dim
	where d_week_seq in 
		(select d_week_seq
		from date_dim
		where d_date in ('1998-01-02','1998-10-15','1998-11-10')))
 and   wr_returned_date_sk   = d_date_sk
 group by i_item_id)
  select  sr_items.item_id
       ,sr_item_qty
       ,sr_item_qty/(sr_item_qty+cr_item_qty+wr_item_qty)/3.0 * 100 sr_dev
       ,cr_item_qty
       ,cr_item_qty/(sr_item_qty+cr_item_qty+wr_item_qty)/3.0 * 100 cr_dev
       ,wr_item_qty
       ,wr_item_qty/(sr_item_qty+cr_item_qty+wr_item_qty)/3.0 * 100 wr_dev
       ,(sr_item_qty+cr_item_qty+wr_item_qty)/3.0 average
 from sr_items
     ,cr_items
     ,wr_items
 where sr_items.item_id=cr_items.item_id
   and sr_items.item_id=wr_items.item_id 
 order by sr_items.item_id
         ,sr_item_qty
 limit 100
POSTHOOK: type: QUERY
POSTHOOK: Input: default@catalog_returns
POSTHOOK: Input: default@date_dim
POSTHOOK: Input: default@item
POSTHOOK: Input: default@store_returns
POSTHOOK: Input: default@web_returns
POSTHOOK: Output: hdfs://### HDFS PATH ###
Plan optimized by CBO.

Vertex dependency in root stage
Reducer 10 <- Reducer 16 (SIMPLE_EDGE), Reducer 9 (SIMPLE_EDGE)
Reducer 11 <- Reducer 10 (SIMPLE_EDGE)
Reducer 12 <- Map 22 (SIMPLE_EDGE), Map 8 (SIMPLE_EDGE)
Reducer 13 <- Reducer 12 (SIMPLE_EDGE), Reducer 16 (SIMPLE_EDGE)
Reducer 14 <- Reducer 13 (SIMPLE_EDGE)
Reducer 16 <- Map 15 (SIMPLE_EDGE), Reducer 19 (SIMPLE_EDGE)
Reducer 18 <- Map 17 (SIMPLE_EDGE), Map 20 (SIMPLE_EDGE)
Reducer 19 <- Reducer 18 (SIMPLE_EDGE)
Reducer 2 <- Map 1 (SIMPLE_EDGE), Map 8 (SIMPLE_EDGE)
Reducer 3 <- Reducer 16 (SIMPLE_EDGE), Reducer 2 (SIMPLE_EDGE)
Reducer 4 <- Reducer 3 (SIMPLE_EDGE)
Reducer 5 <- Reducer 11 (SIMPLE_EDGE), Reducer 4 (SIMPLE_EDGE)
Reducer 6 <- Reducer 14 (SIMPLE_EDGE), Reducer 5 (SIMPLE_EDGE)
Reducer 7 <- Reducer 6 (SIMPLE_EDGE)
Reducer 9 <- Map 21 (SIMPLE_EDGE), Map 8 (SIMPLE_EDGE)

Stage-0
  Fetch Operator
    limit:100
    Stage-1
      Reducer 7 vectorized
      File Output Operator [FS_252]
        Limit [LIM_251] (rows=57 width=260)
          Number of rows:100
          Select Operator [SEL_250] (rows=57 width=260)
            Output:["_col0","_col1","_col2","_col3","_col4","_col5","_col6","_col7"]
          <-Reducer 6 [SIMPLE_EDGE]
            SHUFFLE [RS_124]
              Select Operator [SEL_123] (rows=57 width=260)
                Output:["_col0","_col1","_col2","_col3","_col4","_col5","_col6","_col7"]
                Merge Join Operator [MERGEJOIN_217] (rows=57 width=132)
                  Conds:RS_120._col0=RS_249._col0(Inner),Output:["_col0","_col1","_col3","_col5","_col6"]
                <-Reducer 14 [SIMPLE_EDGE] vectorized
                  SHUFFLE [RS_249]
                    PartitionCols:_col0
                    Select Operator [SEL_248] (rows=57 width=116)
                      Output:["_col0","_col1","_col2"]
                      Group By Operator [GBY_247] (rows=57 width=108)
                        Output:["_col0","_col1"],aggregations:["sum(VALUE._col0)"],keys:KEY._col0
                      <-Reducer 13 [SIMPLE_EDGE]
                        SHUFFLE [RS_114]
                          PartitionCols:_col0
                          Group By Operator [GBY_113] (rows=57 width=108)
                            Output:["_col0","_col1"],aggregations:["sum(_col2)"],keys:_col4
                            Merge Join Operator [MERGEJOIN_215] (rows=2521 width=100)
                              Conds:RS_109._col0=RS_110._col0(Inner),Output:["_col2","_col4"]
                            <-Reducer 16 [SIMPLE_EDGE]
                              SHUFFLE [RS_110]
                                PartitionCols:_col0
                                Merge Join Operator [MERGEJOIN_208] (rows=2 width=4)
                                  Conds:RS_227._col1=RS_236._col0(Inner),Output:["_col0"]
                                <-Map 15 [SIMPLE_EDGE] vectorized
                                  SHUFFLE [RS_227]
                                    PartitionCols:_col1
                                    Select Operator [SEL_226] (rows=73049 width=98)
                                      Output:["_col0","_col1"]
                                      Filter Operator [FIL_225] (rows=73049 width=98)
                                        predicate:d_date is not null
                                        TableScan [TS_5] (rows=73049 width=98)
                                          default@date_dim,date_dim,Tbl:COMPLETE,Col:COMPLETE,Output:["d_date_sk","d_date"]
                                <-Reducer 19 [SIMPLE_EDGE] vectorized
                                  SHUFFLE [RS_236]
                                    PartitionCols:_col0
                                    Group By Operator [GBY_235] (rows=2 width=94)
                                      Output:["_col0"],keys:KEY._col0
                                    <-Reducer 18 [SIMPLE_EDGE]
                                      SHUFFLE [RS_21]
                                        PartitionCols:_col0
                                        Group By Operator [GBY_20] (rows=2 width=94)
                                          Output:["_col0"],keys:_col0
                                          Merge Join Operator [MERGEJOIN_207] (rows=5 width=94)
                                            Conds:RS_230._col1=RS_234._col0(Left Semi),Output:["_col0"]
                                          <-Map 17 [SIMPLE_EDGE] vectorized
                                            SHUFFLE [RS_230]
                                              PartitionCols:_col1
                                              Select Operator [SEL_229] (rows=73049 width=98)
                                                Output:["_col0","_col1"]
                                                Filter Operator [FIL_228] (rows=73049 width=98)
                                                  predicate:(d_date is not null and d_week_seq is not null)
                                                  TableScan [TS_8] (rows=73049 width=98)
                                                    default@date_dim,date_dim,Tbl:COMPLETE,Col:COMPLETE,Output:["d_date","d_week_seq"]
                                          <-Map 20 [SIMPLE_EDGE] vectorized
                                            SHUFFLE [RS_234]
                                              PartitionCols:_col0
                                              Group By Operator [GBY_233] (rows=1 width=4)
                                                Output:["_col0"],keys:_col0
                                                Select Operator [SEL_232] (rows=2 width=4)
                                                  Output:["_col0"]
                                                  Filter Operator [FIL_231] (rows=2 width=98)
                                                    predicate:((d_date) IN ('1998-01-02', '1998-10-15', '1998-11-10') and d_week_seq is not null)
                                                    TableScan [TS_11] (rows=73049 width=98)
                                                      default@date_dim,date_dim,Tbl:COMPLETE,Col:COMPLETE,Output:["d_date","d_week_seq"]
                            <-Reducer 12 [SIMPLE_EDGE]
                              SHUFFLE [RS_109]
                                PartitionCols:_col0
                                Merge Join Operator [MERGEJOIN_206] (rows=13749816 width=107)
                                  Conds:RS_246._col1=RS_224._col0(Inner),Output:["_col0","_col2","_col4"]
                                <-Map 8 [SIMPLE_EDGE] vectorized
                                  SHUFFLE [RS_224]
                                    PartitionCols:_col0
                                    Select Operator [SEL_221] (rows=462000 width=104)
                                      Output:["_col0","_col1"]
                                      TableScan [TS_3] (rows=462000 width=104)
                                        default@item,item,Tbl:COMPLETE,Col:COMPLETE,Output:["i_item_sk","i_item_id"]
                                <-Map 22 [SIMPLE_EDGE] vectorized
                                  SHUFFLE [RS_246]
                                    PartitionCols:_col1
                                    Select Operator [SEL_245] (rows=13749816 width=11)
                                      Output:["_col0","_col1","_col2"]
                                      Filter Operator [FIL_244] (rows=13749816 width=11)
                                        predicate:wr_returned_date_sk is not null
                                        TableScan [TS_78] (rows=14398467 width=11)
                                          default@web_returns,web_returns,Tbl:COMPLETE,Col:COMPLETE,Output:["wr_returned_date_sk","wr_item_sk","wr_return_quantity"]
                <-Reducer 5 [SIMPLE_EDGE]
                  SHUFFLE [RS_120]
                    PartitionCols:_col0
                    Merge Join Operator [MERGEJOIN_216] (rows=60 width=116)
                      Conds:RS_238._col0=RS_243._col0(Inner),Output:["_col0","_col1","_col3"]
                    <-Reducer 11 [SIMPLE_EDGE] vectorized
                      SHUFFLE [RS_243]
                        PartitionCols:_col0
                        Group By Operator [GBY_242] (rows=63 width=108)
                          Output:["_col0","_col1"],aggregations:["sum(VALUE._col0)"],keys:KEY._col0
                        <-Reducer 10 [SIMPLE_EDGE]
                          SHUFFLE [RS_75]
                            PartitionCols:_col0
                            Group By Operator [GBY_74] (rows=63 width=108)
                              Output:["_col0","_col1"],aggregations:["sum(_col2)"],keys:_col4
                              Merge Join Operator [MERGEJOIN_214] (rows=11105 width=100)
                                Conds:RS_70._col0=RS_71._col0(Inner),Output:["_col2","_col4"]
                              <-Reducer 16 [SIMPLE_EDGE]
                                SHUFFLE [RS_71]
                                  PartitionCols:_col0
                                   Please refer to the previous Merge Join Operator [MERGEJOIN_208]
                              <-Reducer 9 [SIMPLE_EDGE]
                                SHUFFLE [RS_70]
                                  PartitionCols:_col0
                                  Merge Join Operator [MERGEJOIN_205] (rows=55578005 width=107)
                                    Conds:RS_241._col1=RS_223._col0(Inner),Output:["_col0","_col2","_col4"]
                                  <-Map 8 [SIMPLE_EDGE] vectorized
                                    SHUFFLE [RS_223]
                                      PartitionCols:_col0
                                       Please refer to the previous Select Operator [SEL_221]
                                  <-Map 21 [SIMPLE_EDGE] vectorized
                                    SHUFFLE [RS_241]
                                      PartitionCols:_col1
                                      Select Operator [SEL_240] (rows=55578005 width=11)
                                        Output:["_col0","_col1","_col2"]
                                        Filter Operator [FIL_239] (rows=55578005 width=11)
                                          predicate:sr_returned_date_sk is not null
                                          TableScan [TS_39] (rows=57591150 width=11)
                                            default@store_returns,store_returns,Tbl:COMPLETE,Col:COMPLETE,Output:["sr_returned_date_sk","sr_item_sk","sr_return_quantity"]
                    <-Reducer 4 [SIMPLE_EDGE] vectorized
                      SHUFFLE [RS_238]
                        PartitionCols:_col0
                        Group By Operator [GBY_237] (rows=60 width=108)
                          Output:["_col0","_col1"],aggregations:["sum(VALUE._col0)"],keys:KEY._col0
                        <-Reducer 3 [SIMPLE_EDGE]
                          SHUFFLE [RS_36]
                            PartitionCols:_col0
                            Group By Operator [GBY_35] (rows=60 width=108)
                              Output:["_col0","_col1"],aggregations:["sum(_col2)"],keys:_col4
                              Merge Join Operator [MERGEJOIN_213] (rows=5478 width=100)
                                Conds:RS_31._col0=RS_32._col0(Inner),Output:["_col2","_col4"]
                              <-Reducer 16 [SIMPLE_EDGE]
                                SHUFFLE [RS_32]
                                  PartitionCols:_col0
                                   Please refer to the previous Merge Join Operator [MERGEJOIN_208]
                              <-Reducer 2 [SIMPLE_EDGE]
                                SHUFFLE [RS_31]
                                  PartitionCols:_col0
                                  Merge Join Operator [MERGEJOIN_204] (rows=28798881 width=107)
                                    Conds:RS_220._col1=RS_222._col0(Inner),Output:["_col0","_col2","_col4"]
                                  <-Map 8 [SIMPLE_EDGE] vectorized
                                    SHUFFLE [RS_222]
                                      PartitionCols:_col0
                                       Please refer to the previous Select Operator [SEL_221]
                                  <-Map 1 [SIMPLE_EDGE] vectorized
                                    SHUFFLE [RS_220]
                                      PartitionCols:_col1
                                      Select Operator [SEL_219] (rows=28798881 width=11)
                                        Output:["_col0","_col1","_col2"]
                                        Filter Operator [FIL_218] (rows=28798881 width=11)
                                          predicate:cr_returned_date_sk is not null
                                          TableScan [TS_0] (rows=28798881 width=11)
                                            default@catalog_returns,catalog_returns,Tbl:COMPLETE,Col:COMPLETE,Output:["cr_returned_date_sk","cr_item_sk","cr_return_quantity"]

