PREHOOK: query: explain
select  dt.d_year
 	,item.i_brand_id brand_id
 	,item.i_brand brand
 	,sum(ss_ext_sales_price) ext_price
 from date_dim dt
     ,store_sales
     ,item
 where dt.d_date_sk = store_sales.ss_sold_date_sk
    and store_sales.ss_item_sk = item.i_item_sk
    and item.i_manager_id = 1
    and dt.d_moy=12
    and dt.d_year=1998
 group by dt.d_year
 	,item.i_brand
 	,item.i_brand_id
 order by dt.d_year
 	,ext_price desc
 	,brand_id
limit 100
PREHOOK: type: QUERY
PREHOOK: Input: default@date_dim
PREHOOK: Input: default@item
PREHOOK: Input: default@mv_store_sales_item_customer
PREHOOK: Input: default@store_sales
PREHOOK: Output: hdfs://### HDFS PATH ###
POSTHOOK: query: explain
select  dt.d_year
 	,item.i_brand_id brand_id
 	,item.i_brand brand
 	,sum(ss_ext_sales_price) ext_price
 from date_dim dt
     ,store_sales
     ,item
 where dt.d_date_sk = store_sales.ss_sold_date_sk
    and store_sales.ss_item_sk = item.i_item_sk
    and item.i_manager_id = 1
    and dt.d_moy=12
    and dt.d_year=1998
 group by dt.d_year
 	,item.i_brand
 	,item.i_brand_id
 order by dt.d_year
 	,ext_price desc
 	,brand_id
limit 100
POSTHOOK: type: QUERY
POSTHOOK: Input: default@date_dim
POSTHOOK: Input: default@item
POSTHOOK: Input: default@mv_store_sales_item_customer
POSTHOOK: Input: default@store_sales
POSTHOOK: Output: hdfs://### HDFS PATH ###
Plan optimized by CBO.

Vertex dependency in root stage
Map 1 <- Map 2 (BROADCAST_EDGE)
Map 3 <- Map 1 (BROADCAST_EDGE)
Reducer 4 <- Map 3 (SIMPLE_EDGE)
Reducer 5 <- Reducer 4 (SIMPLE_EDGE)

Stage-0
  Fetch Operator
    limit:-1
    Stage-1
      Reducer 5 vectorized
      File Output Operator [FS_54]
        Select Operator [SEL_53] (rows=1 width=220)
          Output:["_col0","_col1","_col2","_col3"]
          Limit [LIM_52] (rows=1 width=216)
            Number of rows:100
            Select Operator [SEL_51] (rows=1 width=216)
              Output:["_col0","_col1","_col2"]
            <-Reducer 4 [SIMPLE_EDGE] vectorized
              SHUFFLE [RS_50]
                Group By Operator [GBY_49] (rows=1 width=216)
                  Output:["_col0","_col1","_col2"],aggregations:["sum(VALUE._col0)"],keys:KEY._col0, KEY._col1
                <-Map 3 [SIMPLE_EDGE] vectorized
                  SHUFFLE [RS_48]
                    PartitionCols:_col0, _col1
                    Group By Operator [GBY_47] (rows=1 width=216)
                      Output:["_col0","_col1","_col2"],aggregations:["sum(_col4)"],keys:_col7, _col8
                      Map Join Operator [MAPJOIN_46] (rows=1 width=216)
                        Conds:RS_43._col3=SEL_45._col0(Inner),HybridGraceHashJoin:true,Output:["_col4","_col7","_col8"]
                      <-Map 1 [BROADCAST_EDGE] vectorized
                        BROADCAST [RS_43]
                          PartitionCols:_col3
                          Map Join Operator [MAPJOIN_42] (rows=1 width=116)
                            Conds:SEL_41._col0=RS_39._col2(Inner),HybridGraceHashJoin:true,Output:["_col3","_col4"]
                          <-Map 2 [BROADCAST_EDGE] vectorized
                            BROADCAST [RS_39]
                              PartitionCols:_col2
                              Select Operator [SEL_38] (rows=1 width=120)
                                Output:["_col0","_col1","_col2"]
                                Filter Operator [FIL_37] (rows=1 width=120)
                                  predicate:ss_sold_date_sk is not null
                                  TableScan [TS_3] (rows=1 width=120)
                                    default@mv_store_sales_item_customer,default.mv_store_sales_item_customer,Tbl:COMPLETE,Col:PARTIAL,Output:["ss_item_sk","ss_ext_sales_price"]
                          <-Select Operator [SEL_41] (rows=50 width=12)
                              Output:["_col0"]
                              Filter Operator [FIL_40] (rows=50 width=12)
                                predicate:((d_moy = 12) and (d_year = 1998))
                                TableScan [TS_0] (rows=73049 width=12)
                                  default@date_dim,dt,Tbl:COMPLETE,Col:COMPLETE,Output:["d_date_sk","d_year","d_moy"]
                      <-Select Operator [SEL_45] (rows=7333 width=111)
                          Output:["_col0","_col1","_col2"]
                          Filter Operator [FIL_44] (rows=7333 width=111)
                            predicate:(i_manager_id = 1)
                            TableScan [TS_6] (rows=462000 width=111)
                              default@item,item,Tbl:COMPLETE,Col:COMPLETE,Output:["i_item_sk","i_brand_id","i_brand","i_manager_id"]

