PREHOOK: query: explain
select  i_item_id
       ,i_item_desc
       ,i_current_price
 from item, inventory, date_dim, store_sales
 where i_current_price between 30 and 30+30
 and inv_item_sk = i_item_sk
 and d_date_sk=inv_date_sk
 and d_date between cast('2002-05-30' as date) and (cast('2002-05-30' as date) +  60 days)
 and i_manufact_id in (437,129,727,663)
 and inv_quantity_on_hand between 100 and 500
 and ss_item_sk = i_item_sk
 group by i_item_id,i_item_desc,i_current_price
 order by i_item_id
 limit 100
PREHOOK: type: QUERY
PREHOOK: Input: default@date_dim
PREHOOK: Input: default@inventory
PREHOOK: Input: default@item
PREHOOK: Input: default@mv_store_sales_item_customer
PREHOOK: Input: default@store_sales
PREHOOK: Output: hdfs://### HDFS PATH ###
POSTHOOK: query: explain
select  i_item_id
       ,i_item_desc
       ,i_current_price
 from item, inventory, date_dim, store_sales
 where i_current_price between 30 and 30+30
 and inv_item_sk = i_item_sk
 and d_date_sk=inv_date_sk
 and d_date between cast('2002-05-30' as date) and (cast('2002-05-30' as date) +  60 days)
 and i_manufact_id in (437,129,727,663)
 and inv_quantity_on_hand between 100 and 500
 and ss_item_sk = i_item_sk
 group by i_item_id,i_item_desc,i_current_price
 order by i_item_id
 limit 100
POSTHOOK: type: QUERY
POSTHOOK: Input: default@date_dim
POSTHOOK: Input: default@inventory
POSTHOOK: Input: default@item
POSTHOOK: Input: default@mv_store_sales_item_customer
POSTHOOK: Input: default@store_sales
POSTHOOK: Output: hdfs://### HDFS PATH ###
Plan optimized by CBO.

Vertex dependency in root stage
Map 1 <- Map 4 (BROADCAST_EDGE), Map 5 (BROADCAST_EDGE), Map 6 (BROADCAST_EDGE)
Reducer 2 <- Map 1 (SIMPLE_EDGE)
Reducer 3 <- Reducer 2 (SIMPLE_EDGE)

Stage-0
  Fetch Operator
    limit:100
    Stage-1
      Reducer 3 vectorized
      File Output Operator [FS_67]
        Limit [LIM_66] (rows=100 width=11)
          Number of rows:100
          Select Operator [SEL_65] (rows=2779128 width=11)
            Output:["_col0","_col1","_col2"]
          <-Reducer 2 [SIMPLE_EDGE] vectorized
            SHUFFLE [RS_64]
              Group By Operator [GBY_63] (rows=2779128 width=11)
                Output:["_col0","_col1","_col2"],keys:KEY._col0, KEY._col1, KEY._col2
              <-Map 1 [SIMPLE_EDGE] vectorized
                SHUFFLE [RS_62]
                  PartitionCols:_col0, _col1, _col2
                  Group By Operator [GBY_61] (rows=5558256 width=11)
                    Output:["_col0","_col1","_col2"],keys:_col7, _col8, _col9
                    Map Join Operator [MAPJOIN_60] (rows=5558256 width=11)
                      Conds:MAPJOIN_59._col1=RS_55._col0(Inner),HybridGraceHashJoin:true,Output:["_col7","_col8","_col9"]
                    <-Map 6 [BROADCAST_EDGE] vectorized
                      BROADCAST [RS_55]
                        PartitionCols:_col0
                        Select Operator [SEL_54] (rows=297 width=404)
                          Output:["_col0","_col1","_col2","_col3"]
                          Filter Operator [FIL_53] (rows=297 width=404)
                            predicate:((i_manufact_id) IN (437, 129, 727, 663) and i_current_price BETWEEN 30 AND 60)
                            TableScan [TS_8] (rows=462000 width=403)
                              default@item,item,Tbl:COMPLETE,Col:COMPLETE,Output:["i_item_sk","i_item_id","i_item_desc","i_current_price","i_manufact_id"]
                    <-Map Join Operator [MAPJOIN_59] (rows=5052960 width=11)
                        Conds:MAPJOIN_58._col0=RS_52._col0(Inner),HybridGraceHashJoin:true,Output:["_col1"]
                      <-Map 5 [BROADCAST_EDGE] vectorized
                        BROADCAST [RS_52]
                          PartitionCols:_col0
                          Select Operator [SEL_51] (rows=8116 width=98)
                            Output:["_col0"]
                            Filter Operator [FIL_50] (rows=8116 width=98)
                              predicate:CAST( d_date AS TIMESTAMP) BETWEEN TIMESTAMP'2002-05-30 00:00:00' AND TIMESTAMP'2002-07-29 00:00:00'
                              TableScan [TS_5] (rows=73049 width=98)
                                default@date_dim,date_dim,Tbl:COMPLETE,Col:COMPLETE,Output:["d_date_sk","d_date"]
                      <-Map Join Operator [MAPJOIN_58] (rows=4593600 width=11)
                          Conds:SEL_57._col1=RS_49._col0(Inner),HybridGraceHashJoin:true,Output:["_col0","_col1"]
                        <-Map 4 [BROADCAST_EDGE] vectorized
                          BROADCAST [RS_49]
                            PartitionCols:_col0
                            Select Operator [SEL_48] (rows=1 width=4)
                              Output:["_col0"]
                              TableScan [TS_3] (rows=1 width=4)
                                default@mv_store_sales_item_customer,default.mv_store_sales_item_customer,Tbl:COMPLETE,Col:NONE,Output:["ss_item_sk"]
                        <-Select Operator [SEL_57] (rows=4176000 width=11)
                            Output:["_col0","_col1"]
                            Filter Operator [FIL_56] (rows=4176000 width=11)
                              predicate:inv_quantity_on_hand BETWEEN 100 AND 500
                              TableScan [TS_0] (rows=37584000 width=11)
                                default@inventory,inventory,Tbl:COMPLETE,Col:COMPLETE,Output:["inv_date_sk","inv_item_sk","inv_quantity_on_hand"]

