PREHOOK: query: explain
select  i_item_id, 
        avg(cs_quantity) agg1,
        avg(cs_list_price) agg2,
        avg(cs_coupon_amt) agg3,
        avg(cs_sales_price) agg4 
 from catalog_sales, customer_demographics, date_dim, item, promotion
 where cs_sold_date_sk = d_date_sk and
       cs_item_sk = i_item_sk and
       cs_bill_cdemo_sk = cd_demo_sk and
       cs_promo_sk = p_promo_sk and
       cd_gender = 'F' and 
       cd_marital_status = 'W' and
       cd_education_status = 'Primary' and
       (p_channel_email = 'N' or p_channel_event = 'N') and
       d_year = 1998 
 group by i_item_id
 order by i_item_id
 limit 100
PREHOOK: type: QUERY
PREHOOK: Input: default@catalog_sales
PREHOOK: Input: default@customer_demographics
PREHOOK: Input: default@date_dim
PREHOOK: Input: default@item
PREHOOK: Input: default@promotion
PREHOOK: Output: hdfs://### HDFS PATH ###
POSTHOOK: query: explain
select  i_item_id, 
        avg(cs_quantity) agg1,
        avg(cs_list_price) agg2,
        avg(cs_coupon_amt) agg3,
        avg(cs_sales_price) agg4 
 from catalog_sales, customer_demographics, date_dim, item, promotion
 where cs_sold_date_sk = d_date_sk and
       cs_item_sk = i_item_sk and
       cs_bill_cdemo_sk = cd_demo_sk and
       cs_promo_sk = p_promo_sk and
       cd_gender = 'F' and 
       cd_marital_status = 'W' and
       cd_education_status = 'Primary' and
       (p_channel_email = 'N' or p_channel_event = 'N') and
       d_year = 1998 
 group by i_item_id
 order by i_item_id
 limit 100
POSTHOOK: type: QUERY
POSTHOOK: Input: default@catalog_sales
POSTHOOK: Input: default@customer_demographics
POSTHOOK: Input: default@date_dim
POSTHOOK: Input: default@item
POSTHOOK: Input: default@promotion
POSTHOOK: Output: hdfs://### HDFS PATH ###
Plan optimized by CBO.

Vertex dependency in root stage
Map 1 <- Map 5 (BROADCAST_EDGE), Map 6 (BROADCAST_EDGE), Map 7 (BROADCAST_EDGE)
Reducer 2 <- Map 1 (SIMPLE_EDGE), Map 8 (SIMPLE_EDGE)
Reducer 3 <- Reducer 2 (SIMPLE_EDGE)
Reducer 4 <- Reducer 3 (SIMPLE_EDGE)

Stage-0
  Fetch Operator
    limit:100
    Stage-1
      Reducer 4 vectorized
      File Output Operator [FS_83]
        Limit [LIM_82] (rows=100 width=444)
          Number of rows:100
          Select Operator [SEL_81] (rows=310774 width=444)
            Output:["_col0","_col1","_col2","_col3","_col4"]
          <-Reducer 3 [SIMPLE_EDGE] vectorized
            SHUFFLE [RS_80]
              Select Operator [SEL_79] (rows=310774 width=444)
                Output:["_col0","_col1","_col2","_col3","_col4"]
                Group By Operator [GBY_78] (rows=310774 width=476)
                  Output:["_col0","_col1","_col2","_col3","_col4","_col5","_col6","_col7","_col8"],aggregations:["sum(VALUE._col0)","count(VALUE._col1)","sum(VALUE._col2)","count(VALUE._col3)","sum(VALUE._col4)","count(VALUE._col5)","sum(VALUE._col6)","count(VALUE._col7)"],keys:KEY._col0
                <-Reducer 2 [SIMPLE_EDGE]
                  SHUFFLE [RS_28]
                    PartitionCols:_col0
                    Group By Operator [GBY_27] (rows=462000 width=476)
                      Output:["_col0","_col1","_col2","_col3","_col4","_col5","_col6","_col7","_col8"],aggregations:["sum(_col4)","count(_col4)","sum(_col5)","count(_col5)","sum(_col7)","count(_col7)","sum(_col6)","count(_col6)"],keys:_col12
                      Merge Join Operator [MERGEJOIN_57] (rows=809521 width=100)
                        Conds:RS_75._col2=RS_77._col0(Inner),Output:["_col4","_col5","_col6","_col7","_col12"]
                      <-Map 1 [SIMPLE_EDGE] vectorized
                        SHUFFLE [RS_75]
                          PartitionCols:_col2
                          Map Join Operator [MAPJOIN_74] (rows=809521 width=4)
                            Conds:MAPJOIN_73._col3=RS_69._col0(Inner),HybridGraceHashJoin:true,Output:["_col2","_col4","_col5","_col6","_col7"]
                          <-Map 7 [BROADCAST_EDGE] vectorized
                            BROADCAST [RS_69]
                              PartitionCols:_col0
                              Select Operator [SEL_68] (rows=2300 width=4)
                                Output:["_col0"]
                                Filter Operator [FIL_67] (rows=2300 width=174)
                                  predicate:((p_channel_email = 'N') or (p_channel_event = 'N'))
                                  TableScan [TS_9] (rows=2300 width=174)
                                    default@promotion,promotion,Tbl:COMPLETE,Col:COMPLETE,Output:["p_promo_sk","p_channel_email","p_channel_event"]
                          <-Map Join Operator [MAPJOIN_73] (rows=809521 width=4)
                              Conds:MAPJOIN_72._col0=RS_66._col0(Inner),HybridGraceHashJoin:true,Output:["_col2","_col3","_col4","_col5","_col6","_col7"]
                            <-Map 6 [BROADCAST_EDGE] vectorized
                              BROADCAST [RS_66]
                                PartitionCols:_col0
                                Select Operator [SEL_65] (rows=652 width=4)
                                  Output:["_col0"]
                                  Filter Operator [FIL_64] (rows=652 width=8)
                                    predicate:(d_year = 1998)
                                    TableScan [TS_6] (rows=73049 width=8)
                                      default@date_dim,date_dim,Tbl:COMPLETE,Col:COMPLETE,Output:["d_date_sk","d_year"]
                            <-Map Join Operator [MAPJOIN_72] (rows=2283326 width=135)
                                Conds:SEL_71._col1=RS_63._col0(Inner),HybridGraceHashJoin:true,Output:["_col0","_col2","_col3","_col4","_col5","_col6","_col7"]
                              <-Map 5 [BROADCAST_EDGE] vectorized
                                BROADCAST [RS_63]
                                  PartitionCols:_col0
                                  Select Operator [SEL_62] (rows=14776 width=4)
                                    Output:["_col0"]
                                    Filter Operator [FIL_61] (rows=14776 width=268)
                                      predicate:((cd_education_status = 'Primary') and (cd_gender = 'F') and (cd_marital_status = 'W'))
                                      TableScan [TS_3] (rows=1861800 width=268)
                                        default@customer_demographics,customer_demographics,Tbl:COMPLETE,Col:COMPLETE,Output:["cd_demo_sk","cd_gender","cd_marital_status","cd_education_status"]
                              <-Select Operator [SEL_71] (rows=283691050 width=354)
                                  Output:["_col0","_col1","_col2","_col3","_col4","_col5","_col6","_col7"]
                                  Filter Operator [FIL_70] (rows=283691050 width=354)
                                    predicate:(cs_bill_cdemo_sk is not null and cs_promo_sk is not null and cs_sold_date_sk is not null)
                                    TableScan [TS_0] (rows=287989836 width=354)
                                      default@catalog_sales,catalog_sales,Tbl:COMPLETE,Col:COMPLETE,Output:["cs_sold_date_sk","cs_bill_cdemo_sk","cs_item_sk","cs_promo_sk","cs_quantity","cs_list_price","cs_sales_price","cs_coupon_amt"]
                      <-Map 8 [SIMPLE_EDGE] vectorized
                        SHUFFLE [RS_77]
                          PartitionCols:_col0
                          Select Operator [SEL_76] (rows=462000 width=104)
                            Output:["_col0","_col1"]
                            TableScan [TS_12] (rows=462000 width=104)
                              default@item,item,Tbl:COMPLETE,Col:COMPLETE,Output:["i_item_sk","i_item_id"]

