PREHOOK: query: explain
select  
    sum(ss_net_profit) as total_sum
   ,s_state
   ,s_county
   ,grouping(s_state)+grouping(s_county) as lochierarchy
   ,rank() over (
 	partition by grouping(s_state)+grouping(s_county),
 	case when grouping(s_county) = 0 then s_state end 
 	order by sum(ss_net_profit) desc) as rank_within_parent
 from
    store_sales
   ,date_dim       d1
   ,store
 where
    d1.d_month_seq between 1212 and 1212+11
 and d1.d_date_sk = ss_sold_date_sk
 and s_store_sk  = ss_store_sk
 and s_state in
             ( select s_state
               from  (select s_state as s_state,
 			    rank() over ( partition by s_state order by sum(ss_net_profit) desc) as ranking
                      from   store_sales, store, date_dim
                      where  d_month_seq between 1212 and 1212+11
 			    and d_date_sk = ss_sold_date_sk
 			    and s_store_sk  = ss_store_sk
                      group by s_state
                     ) tmp1 
               where ranking <= 5
             )
 group by rollup(s_state,s_county)
 order by
   lochierarchy desc
  ,case when lochierarchy = 0 then s_state end
  ,rank_within_parent
 limit 100
PREHOOK: type: QUERY
PREHOOK: Input: default@date_dim
PREHOOK: Input: default@mv_store_sales_item_customer
PREHOOK: Input: default@store
PREHOOK: Input: default@store_sales
PREHOOK: Output: hdfs://### HDFS PATH ###
POSTHOOK: query: explain
select  
    sum(ss_net_profit) as total_sum
   ,s_state
   ,s_county
   ,grouping(s_state)+grouping(s_county) as lochierarchy
   ,rank() over (
 	partition by grouping(s_state)+grouping(s_county),
 	case when grouping(s_county) = 0 then s_state end 
 	order by sum(ss_net_profit) desc) as rank_within_parent
 from
    store_sales
   ,date_dim       d1
   ,store
 where
    d1.d_month_seq between 1212 and 1212+11
 and d1.d_date_sk = ss_sold_date_sk
 and s_store_sk  = ss_store_sk
 and s_state in
             ( select s_state
               from  (select s_state as s_state,
 			    rank() over ( partition by s_state order by sum(ss_net_profit) desc) as ranking
                      from   store_sales, store, date_dim
                      where  d_month_seq between 1212 and 1212+11
 			    and d_date_sk = ss_sold_date_sk
 			    and s_store_sk  = ss_store_sk
                      group by s_state
                     ) tmp1 
               where ranking <= 5
             )
 group by rollup(s_state,s_county)
 order by
   lochierarchy desc
  ,case when lochierarchy = 0 then s_state end
  ,rank_within_parent
 limit 100
POSTHOOK: type: QUERY
POSTHOOK: Input: default@date_dim
POSTHOOK: Input: default@mv_store_sales_item_customer
POSTHOOK: Input: default@store
POSTHOOK: Input: default@store_sales
POSTHOOK: Output: hdfs://### HDFS PATH ###
Plan optimized by CBO.

Vertex dependency in root stage
Map 1 <- Map 5 (BROADCAST_EDGE), Reducer 7 (BROADCAST_EDGE)
Map 5 <- Map 10 (BROADCAST_EDGE), Map 9 (BROADCAST_EDGE)
Reducer 2 <- Map 1 (SIMPLE_EDGE)
Reducer 3 <- Reducer 2 (SIMPLE_EDGE)
Reducer 4 <- Reducer 3 (SIMPLE_EDGE)
Reducer 6 <- Map 5 (SIMPLE_EDGE)
Reducer 7 <- Map 8 (BROADCAST_EDGE), Reducer 6 (SIMPLE_EDGE)

Stage-0
  Fetch Operator
    limit:-1
    Stage-1
      Reducer 4 vectorized
      File Output Operator [FS_137]
        Limit [LIM_136] (rows=3 width=492)
          Number of rows:100
          Select Operator [SEL_135] (rows=3 width=492)
            Output:["_col0","_col1","_col2","_col3","_col4"]
          <-Reducer 3 [SIMPLE_EDGE] vectorized
            SHUFFLE [RS_134]
              Select Operator [SEL_133] (rows=3 width=492)
                Output:["_col0","_col1","_col2","_col3","_col4","_col5"]
                PTF Operator [PTF_132] (rows=3 width=304)
                  Function definitions:[{},{"name:":"windowingtablefunction","order by:":"_col2 DESC NULLS LAST","partition by:":"(grouping(_col3, 1) + grouping(_col3, 0)), CASE WHEN ((grouping(_col3, 0) = 0)) THEN (_col0) ELSE (CAST( null AS STRING)) END"}]
                  Select Operator [SEL_131] (rows=3 width=304)
                    Output:["_col0","_col1","_col2","_col3"]
                  <-Reducer 2 [SIMPLE_EDGE] vectorized
                    SHUFFLE [RS_130]
                      PartitionCols:(grouping(_col3, 1) + grouping(_col3, 0)), CASE WHEN ((grouping(_col3, 0) = 0)) THEN (_col0) ELSE (CAST( null AS STRING)) END
                      Select Operator [SEL_129] (rows=3 width=304)
                        Output:["_col0","_col1","_col2","_col3"]
                        Group By Operator [GBY_128] (rows=3 width=304)
                          Output:["_col0","_col1","_col2","_col3"],aggregations:["sum(VALUE._col0)"],keys:KEY._col0, KEY._col1, KEY._col2
                        <-Map 1 [SIMPLE_EDGE] vectorized
                          SHUFFLE [RS_127]
                            PartitionCols:_col0, _col1, _col2
                            Group By Operator [GBY_126] (rows=27 width=304)
                              Output:["_col0","_col1","_col2","_col3"],aggregations:["sum(_col2)"],keys:_col0, _col1, 0L
                              Select Operator [SEL_125] (rows=3194198 width=184)
                                Output:["_col0","_col1","_col2"]
                                Map Join Operator [MAPJOIN_124] (rows=3194198 width=184)
                                  Conds:MAPJOIN_123._col1=RS_120._col0(Inner),HybridGraceHashJoin:true,Output:["_col2","_col5","_col6"]
                                <-Reducer 7 [BROADCAST_EDGE] vectorized
                                  BROADCAST [RS_120]
                                    PartitionCols:_col0
                                    Map Join Operator [MAPJOIN_119] (rows=34 width=188)
                                      Conds:RS_114._col2=SEL_118._col0(Inner),HybridGraceHashJoin:true,Output:["_col0","_col1","_col2"]
                                    <-Map 8 [BROADCAST_EDGE] vectorized
                                      BROADCAST [RS_114]
                                        PartitionCols:_col2
                                        Select Operator [SEL_113] (rows=1704 width=188)
                                          Output:["_col0","_col1","_col2"]
                                          Filter Operator [FIL_112] (rows=1704 width=188)
                                            predicate:s_state is not null
                                            TableScan [TS_6] (rows=1704 width=188)
                                              default@store,store,Tbl:COMPLETE,Col:COMPLETE,Output:["s_store_sk","s_county","s_state"]
                                    <-Select Operator [SEL_118] (rows=1 width=86)
                                        Output:["_col0"]
                                        Filter Operator [FIL_117] (rows=1 width=198)
                                          predicate:(rank_window_0 <= 5)
                                          PTF Operator [PTF_116] (rows=1 width=198)
                                            Function definitions:[{},{"name:":"windowingtablefunction","order by:":"_col1 DESC NULLS LAST","partition by:":"_col0"}]
                                            Select Operator [SEL_115] (rows=1 width=198)
                                              Output:["_col0","_col1"]
                                            <-Reducer 6 [SIMPLE_EDGE] vectorized
                                              SHUFFLE [RS_111]
                                                PartitionCols:_col0
                                                Group By Operator [GBY_110] (rows=1 width=198)
                                                  Output:["_col0","_col1"],aggregations:["sum(VALUE._col0)"],keys:KEY._col0
                                                <-Map 5 [SIMPLE_EDGE] vectorized
                                                  SHUFFLE [RS_109]
                                                    PartitionCols:_col0
                                                    Group By Operator [GBY_108] (rows=1 width=198)
                                                      Output:["_col0","_col1"],aggregations:["sum(_col3)"],keys:_col6
                                                      Map Join Operator [MAPJOIN_107] (rows=1 width=198)
                                                        Conds:MAPJOIN_106._col2=RS_102._col0(Inner),HybridGraceHashJoin:true,Output:["_col3","_col6"]
                                                      <-Map 10 [BROADCAST_EDGE] vectorized
                                                        BROADCAST [RS_102]
                                                          PartitionCols:_col0
                                                          Select Operator [SEL_101] (rows=1704 width=90)
                                                            Output:["_col0","_col1"]
                                                            Filter Operator [FIL_100] (rows=1704 width=90)
                                                              predicate:s_state is not null
                                                              TableScan [TS_15] (rows=1704 width=90)
                                                                default@store,store,Tbl:COMPLETE,Col:COMPLETE,Output:["s_store_sk","s_state"]
                                                      <-Map Join Operator [MAPJOIN_106] (rows=1 width=116)
                                                          Conds:SEL_104._col0=RS_99._col2(Inner),HybridGraceHashJoin:true,Output:["_col2","_col3"]
                                                        <-Map 9 [BROADCAST_EDGE] vectorized
                                                          BROADCAST [RS_99]
                                                            PartitionCols:_col2
                                                            Select Operator [SEL_98] (rows=1 width=120)
                                                              Output:["_col0","_col1","_col2"]
                                                              Filter Operator [FIL_97] (rows=1 width=120)
                                                                predicate:(ss_sold_date_sk is not null and ss_store_sk is not null)
                                                                TableScan [TS_12] (rows=1 width=120)
                                                                  default@mv_store_sales_item_customer,default.mv_store_sales_item_customer,Tbl:COMPLETE,Col:PARTIAL,Output:["ss_store_sk","ss_net_profit"]
                                                        <-Select Operator [SEL_104] (rows=317 width=4)
                                                            Output:["_col0"]
                                                            Filter Operator [FIL_103] (rows=317 width=8)
                                                              predicate:d_month_seq BETWEEN 1212 AND 1223
                                                              TableScan [TS_3] (rows=73049 width=8)
                                                                default@date_dim,d1,Tbl:COMPLETE,Col:COMPLETE,Output:["d_date_sk","d_month_seq"]
                                <-Map Join Operator [MAPJOIN_123] (rows=91197860 width=85)
                                    Conds:SEL_122._col0=RS_105._col0(Inner),HybridGraceHashJoin:true,Output:["_col1","_col2"]
                                  <-Map 5 [BROADCAST_EDGE] vectorized
                                    SHUFFLE [RS_105]
                                      PartitionCols:_col0
                                       Please refer to the previous Select Operator [SEL_104]
                                  <-Select Operator [SEL_122] (rows=525329897 width=114)
                                      Output:["_col0","_col1","_col2"]
                                      Filter Operator [FIL_121] (rows=525329897 width=114)
                                        predicate:(ss_sold_date_sk is not null and ss_store_sk is not null)
                                        TableScan [TS_0] (rows=575995635 width=114)
                                          default@store_sales,store_sales,Tbl:COMPLETE,Col:COMPLETE,Output:["ss_sold_date_sk","ss_store_sk","ss_net_profit"]

